../Core/Src/main.c:1067:6:callback_print_console	0	static
../Core/Src/main.c:1075:6:callback_SIM_conv	0	static
../Core/Src/main.c:1083:6:callback_timer_watch_queues	0	static
../Core/Src/main.c:979:6:f_KEYENCE_watch	8	static
../Core/Src/main.c:998:6:f_FGS_wach	8	static
../Core/Src/main.c:1017:6:f_SIM_conv	8	static
../Core/Src/main.c:1037:6:f_debug_mssgs	72	static
../Core/Inc/utils.h:11:7:get_ticks_from_ms	0	static
../Core/Inc/utils.h:15:5:get_ms_from_ticks	0	static
../Core/Inc/tagging.h:12:6:get_recipe_from_classifier	48	static
../Core/Inc/tagging.h:20:5:get_length_message	0	static
../Core/Src/main.c:406:6:SystemClock_Config	88	static,ignoring_inline_asm
../Core/Src/main.c:266:5:main	56	static,ignoring_inline_asm
../Core/Src/main.c:709:7:get_current_optical_curtain	0	static
../Core/Src/main.c:714:6:HAL_UART_RxCpltCallback	16	static
../Core/Src/main.c:766:6:debug_send_echo	64	static
../Core/Src/main.c:775:6:debug_send_error	64	static
../Core/Src/main.c:784:6:debug_send_success	64	static
../Core/Src/main.c:811:6:thread_CommandHanler	104	dynamic
../Core/Src/main.c:793:6:debug_send_ack	64	static
../Core/Src/main.c:885:6:f_print_console	40	static
../Core/Src/main.c:913:6:f_RPI_watch	24	static
../Core/Src/main.c:1100:6:HAL_TIM_PeriodElapsedCallback	0	static
../Core/Src/main.c:1117:6:Error_Handler	0	static,ignoring_inline_asm
