../Core/Src/stm32f7xx_it.c:75:6:NMI_Handler	4	static
../Core/Src/stm32f7xx_it.c:90:6:HardFault_Handler	4	static
../Core/Src/stm32f7xx_it.c:105:6:MemManage_Handler	4	static
../Core/Src/stm32f7xx_it.c:120:6:BusFault_Handler	4	static
../Core/Src/stm32f7xx_it.c:135:6:UsageFault_Handler	4	static
../Core/Src/stm32f7xx_it.c:150:6:DebugMon_Handler	4	static
../Core/Src/stm32f7xx_it.c:170:6:USART3_IRQHandler	8	static
../Core/Src/stm32f7xx_it.c:184:6:EXTI15_10_IRQHandler	8	static
../Core/Src/stm32f7xx_it.c:201:6:UART5_IRQHandler	8	static
../Core/Src/stm32f7xx_it.c:215:6:TIM6_DAC_IRQHandler	8	static
../Core/Src/stm32f7xx_it.c:229:6:ETH_IRQHandler	8	static
../Core/Src/stm32f7xx_it.c:243:6:OTG_FS_IRQHandler	8	static
../Core/Src/stm32f7xx_it.c:257:6:USART6_IRQHandler	8	static
