../Core/Src/trigger.c:11:6:on_trigger_RPI	8	static
../Core/Src/trigger.c:14:6:off_trigger_RPI	8	static
../Core/Src/trigger.c:17:6:trigger_RPI	8	static
../Core/Src/trigger.c:22:6:get_trigger_RPI	8	static
../Core/Src/trigger.c:27:6:on_trigger_KEYENCE	8	static
../Core/Src/trigger.c:30:6:off_trigger_KEYENCE	8	static
../Core/Src/trigger.c:33:6:trigger_KEYENCE	8	static
../Core/Src/trigger.c:38:6:get_trigger_KEYENCE	8	static
../Core/Src/trigger.c:43:6:on_trigger_FG1	8	static
../Core/Src/trigger.c:46:6:off_trigger_FG1	8	static
../Core/Src/trigger.c:49:6:trigger_FG1	8	static
../Core/Src/trigger.c:54:6:get_trigger_FG1	8	static
../Core/Src/trigger.c:59:6:on_trigger_FG2	8	static
../Core/Src/trigger.c:62:6:off_trigger_FG2	8	static
../Core/Src/trigger.c:65:6:trigger_FG2	8	static
../Core/Src/trigger.c:70:6:get_trigger_FG2	8	static
../Core/Src/trigger.c:75:6:on_trigger_FG3	8	static
../Core/Src/trigger.c:78:6:off_trigger_FG3	8	static
../Core/Src/trigger.c:81:6:trigger_FG3	8	static
../Core/Src/trigger.c:86:6:get_trigger_FG3	8	static
../Core/Src/trigger.c:91:6:on_trigger_FG4	8	static
../Core/Src/trigger.c:94:6:off_trigger_FG4	8	static
../Core/Src/trigger.c:97:6:trigger_FG4	8	static
../Core/Src/trigger.c:102:6:get_trigger_FG4	8	static
../Core/Src/trigger.c:107:6:on_trigger_DISCARD	8	static
../Core/Src/trigger.c:110:6:off_trigger_DISCARD	8	static
../Core/Src/trigger.c:113:6:trigger_DISCARD	8	static
../Core/Src/trigger.c:118:6:get_trigger_DISCARD	8	static
../Core/Src/trigger.c:122:6:trigger_simulator_oc_event	8	static
../Core/Src/trigger.c:131:6:turn_on_Indicator_R	8	static
../Core/Src/trigger.c:134:6:turn_off_Indicator_R	8	static
../Core/Src/trigger.c:138:6:turn_on_Indicator_G	8	static
../Core/Src/trigger.c:141:6:turn_off_Indicator_G	8	static
../Core/Src/trigger.c:146:6:turn_on_Indicator_B	8	static
../Core/Src/trigger.c:149:6:turn_off_Indicator_B	8	static
