Archive member included to satisfy reference by file (symbol)

c:/st/stm32cubeide_1.12.1/stm32cubeide/plugins/com.st.stm32cube.ide.mcu.externaltools.gnu-tools-for-stm32.10.3-2021.10.win32_1.0.200.202301161003/tools/bin/../lib/gcc/arm-none-eabi/10.3.1/../../../../arm-none-eabi/lib/thumb/v7e-m+fp/hard\libc_nano.a(lib_a-errno.o)
                              ./Core/Src/syscalls.o (__errno)
c:/st/stm32cubeide_1.12.1/stm32cubeide/plugins/com.st.stm32cube.ide.mcu.externaltools.gnu-tools-for-stm32.10.3-2021.10.win32_1.0.200.202301161003/tools/bin/../lib/gcc/arm-none-eabi/10.3.1/../../../../arm-none-eabi/lib/thumb/v7e-m+fp/hard\libc_nano.a(lib_a-exit.o)
                              c:/st/stm32cubeide_1.12.1/stm32cubeide/plugins/com.st.stm32cube.ide.mcu.externaltools.gnu-tools-for-stm32.10.3-2021.10.win32_1.0.200.202301161003/tools/bin/../lib/gcc/arm-none-eabi/10.3.1/../../../../arm-none-eabi/lib/thumb/v7e-m+fp/hard/crt0.o (exit)
c:/st/stm32cubeide_1.12.1/stm32cubeide/plugins/com.st.stm32cube.ide.mcu.externaltools.gnu-tools-for-stm32.10.3-2021.10.win32_1.0.200.202301161003/tools/bin/../lib/gcc/arm-none-eabi/10.3.1/../../../../arm-none-eabi/lib/thumb/v7e-m+fp/hard\libc_nano.a(lib_a-findfp.o)
                              ./Middlewares/FreeRTOS/tasks.o (__sf_fake_stderr)
c:/st/stm32cubeide_1.12.1/stm32cubeide/plugins/com.st.stm32cube.ide.mcu.externaltools.gnu-tools-for-stm32.10.3-2021.10.win32_1.0.200.202301161003/tools/bin/../lib/gcc/arm-none-eabi/10.3.1/../../../../arm-none-eabi/lib/thumb/v7e-m+fp/hard\libc_nano.a(lib_a-fwalk.o)
                              c:/st/stm32cubeide_1.12.1/stm32cubeide/plugins/com.st.stm32cube.ide.mcu.externaltools.gnu-tools-for-stm32.10.3-2021.10.win32_1.0.200.202301161003/tools/bin/../lib/gcc/arm-none-eabi/10.3.1/../../../../arm-none-eabi/lib/thumb/v7e-m+fp/hard\libc_nano.a(lib_a-findfp.o) (_fwalk)
c:/st/stm32cubeide_1.12.1/stm32cubeide/plugins/com.st.stm32cube.ide.mcu.externaltools.gnu-tools-for-stm32.10.3-2021.10.win32_1.0.200.202301161003/tools/bin/../lib/gcc/arm-none-eabi/10.3.1/../../../../arm-none-eabi/lib/thumb/v7e-m+fp/hard\libc_nano.a(lib_a-impure.o)
                              c:/st/stm32cubeide_1.12.1/stm32cubeide/plugins/com.st.stm32cube.ide.mcu.externaltools.gnu-tools-for-stm32.10.3-2021.10.win32_1.0.200.202301161003/tools/bin/../lib/gcc/arm-none-eabi/10.3.1/../../../../arm-none-eabi/lib/thumb/v7e-m+fp/hard\libc_nano.a(lib_a-exit.o) (_global_impure_ptr)
c:/st/stm32cubeide_1.12.1/stm32cubeide/plugins/com.st.stm32cube.ide.mcu.externaltools.gnu-tools-for-stm32.10.3-2021.10.win32_1.0.200.202301161003/tools/bin/../lib/gcc/arm-none-eabi/10.3.1/../../../../arm-none-eabi/lib/thumb/v7e-m+fp/hard\libc_nano.a(lib_a-init.o)
                              c:/st/stm32cubeide_1.12.1/stm32cubeide/plugins/com.st.stm32cube.ide.mcu.externaltools.gnu-tools-for-stm32.10.3-2021.10.win32_1.0.200.202301161003/tools/bin/../lib/gcc/arm-none-eabi/10.3.1/../../../../arm-none-eabi/lib/thumb/v7e-m+fp/hard/crt0.o (__libc_init_array)
c:/st/stm32cubeide_1.12.1/stm32cubeide/plugins/com.st.stm32cube.ide.mcu.externaltools.gnu-tools-for-stm32.10.3-2021.10.win32_1.0.200.202301161003/tools/bin/../lib/gcc/arm-none-eabi/10.3.1/../../../../arm-none-eabi/lib/thumb/v7e-m+fp/hard\libc_nano.a(lib_a-lock.o)
                              c:/st/stm32cubeide_1.12.1/stm32cubeide/plugins/com.st.stm32cube.ide.mcu.externaltools.gnu-tools-for-stm32.10.3-2021.10.win32_1.0.200.202301161003/tools/bin/../lib/gcc/arm-none-eabi/10.3.1/../../../../arm-none-eabi/lib/thumb/v7e-m+fp/hard\libc_nano.a(lib_a-findfp.o) (__retarget_lock_init_recursive)
c:/st/stm32cubeide_1.12.1/stm32cubeide/plugins/com.st.stm32cube.ide.mcu.externaltools.gnu-tools-for-stm32.10.3-2021.10.win32_1.0.200.202301161003/tools/bin/../lib/gcc/arm-none-eabi/10.3.1/../../../../arm-none-eabi/lib/thumb/v7e-m+fp/hard\libc_nano.a(lib_a-memcpy-stub.o)
                              ./Core/Src/main.o (memcpy)
c:/st/stm32cubeide_1.12.1/stm32cubeide/plugins/com.st.stm32cube.ide.mcu.externaltools.gnu-tools-for-stm32.10.3-2021.10.win32_1.0.200.202301161003/tools/bin/../lib/gcc/arm-none-eabi/10.3.1/../../../../arm-none-eabi/lib/thumb/v7e-m+fp/hard\libc_nano.a(lib_a-memset.o)
                              c:/st/stm32cubeide_1.12.1/stm32cubeide/plugins/com.st.stm32cube.ide.mcu.externaltools.gnu-tools-for-stm32.10.3-2021.10.win32_1.0.200.202301161003/tools/bin/../lib/gcc/arm-none-eabi/10.3.1/../../../../arm-none-eabi/lib/thumb/v7e-m+fp/hard/crt0.o (memset)
c:/st/stm32cubeide_1.12.1/stm32cubeide/plugins/com.st.stm32cube.ide.mcu.externaltools.gnu-tools-for-stm32.10.3-2021.10.win32_1.0.200.202301161003/tools/bin/../lib/gcc/arm-none-eabi/10.3.1/../../../../arm-none-eabi/lib/thumb/v7e-m+fp/hard\libc_nano.a(lib_a-nano-mallocr.o)
[...]
Memory Configuration

Name             Origin             Length             Attributes
RAM              0x0000000020000000 0x0000000000050000 xrw
FLASH            0x0000000008000000 0x0000000000080000 xr
*default*        0x0000000000000000 0xffffffffffffffff

Linker script and memory map

LOAD c:/st/stm32cubeide_1.12.1/stm32cubeide/plugins/com.st.stm32cube.ide.mcu.externaltools.gnu-tools-for-stm32.10.3-2021.10.win32_1.0.200.202301161003/tools/bin/../lib/gcc/arm-none-eabi/10.3.1/thumb/v7e-m+fp/hard/crti.o
LOAD c:/st/stm32cubeide_1.12.1/stm32cubeide/plugins/com.st.stm32cube.ide.mcu.externaltools.gnu-tools-for-stm32.10.3-2021.10.win32_1.0.200.202301161003/tools/bin/../lib/gcc/arm-none-eabi/10.3.1/thumb/v7e-m+fp/hard/crtbegin.o
LOAD c:/st/stm32cubeide_1.12.1/stm32cubeide/plugins/com.st.stm32cube.ide.mcu.externaltools.gnu-tools-for-stm32.10.3-2021.10.win32_1.0.200.202301161003/tools/bin/../lib/gcc/arm-none-eabi/10.3.1/../../../../arm-none-eabi/lib/thumb/v7e-m+fp/hard/crt0.o
LOAD ./Core/Src/freertos.o
LOAD ./Core/Src/main.o
LOAD ./Core/Src/stm32f7xx_hal_msp.o
LOAD ./Core/Src/stm32f7xx_hal_timebase_tim.o
LOAD ./Core/Src/stm32f7xx_it.o
LOAD ./Core/Src/syscalls.o
LOAD ./Core/Src/sysmem.o
LOAD ./Core/Src/system_stm32f7xx.o
LOAD ./Core/Src/trigger.o
LOAD ./Core/Startup/startup_stm32f746zetx.o
LOAD ./Drivers/STM32F7xx_HAL_Driver/stm32f7xx_hal.o
LOAD ./Drivers/STM32F7xx_HAL_Driver/stm32f7xx_hal_cortex.o
LOAD ./Drivers/STM32F7xx_HAL_Driver/stm32f7xx_hal_dma.o
LOAD ./Drivers/STM32F7xx_HAL_Driver/stm32f7xx_hal_dma_ex.o
LOAD ./Drivers/STM32F7xx_HAL_Driver/stm32f7xx_hal_eth.o
LOAD ./Drivers/STM32F7xx_HAL_Driver/stm32f7xx_hal_exti.o
LOAD ./Drivers/STM32F7xx_HAL_Driver/stm32f7xx_hal_flash.o
LOAD ./Drivers/STM32F7xx_HAL_Driver/stm32f7xx_hal_flash_ex.o
LOAD ./Drivers/STM32F7xx_HAL_Driver/stm32f7xx_hal_gpio.o
LOAD ./Drivers/STM32F7xx_HAL_Driver/stm32f7xx_hal_i2c.o
LOAD ./Drivers/STM32F7xx_HAL_Driver/stm32f7xx_hal_i2c_ex.o
LOAD ./Drivers/STM32F7xx_HAL_Driver/stm32f7xx_hal_pcd.o
LOAD ./Drivers/STM32F7xx_HAL_Driver/stm32f7xx_hal_pcd_ex.o
LOAD ./Drivers/STM32F7xx_HAL_Driver/stm32f7xx_hal_pwr.o
LOAD ./Drivers/STM32F7xx_HAL_Driver/stm32f7xx_hal_pwr_ex.o
LOAD ./Drivers/STM32F7xx_HAL_Driver/stm32f7xx_hal_rcc.o
LOAD ./Drivers/STM32F7xx_HAL_Driver/stm32f7xx_hal_rcc_ex.o
LOAD ./Drivers/STM32F7xx_HAL_Driver/stm32f7xx_hal_tim.o
LOAD ./Drivers/STM32F7xx_HAL_Driver/stm32f7xx_hal_tim_ex.o
LOAD ./Drivers/STM32F7xx_HAL_Driver/stm32f7xx_hal_uart.o
LOAD ./Drivers/STM32F7xx_HAL_Driver/stm32f7xx_hal_uart_ex.o
LOAD ./Drivers/STM32F7xx_HAL_Driver/stm32f7xx_ll_usb.o
LOAD ./Middlewares/FreeRTOS/cmsis_os2.o
LOAD ./Middlewares/FreeRTOS/croutine.o
LOAD ./Middlewares/FreeRTOS/event_groups.o
LOAD ./Middlewares/FreeRTOS/heap_4.o
LOAD ./Middlewares/FreeRTOS/list.o
LOAD ./Middlewares/FreeRTOS/port.o
LOAD ./Middlewares/FreeRTOS/queue.o
LOAD ./Middlewares/FreeRTOS/stream_buffer.o
LOAD ./Middlewares/FreeRTOS/tasks.o
LOAD ./Middlewares/FreeRTOS/timers.o
START GROUP
LOAD c:/st/stm32cubeide_1.12.1/stm32cubeide/plugins/com.st.stm32cube.ide.mcu.externaltools.gnu-tools-for-stm32.10.3-2021.10.win32_1.0.200.202301161003/tools/bin/../lib/gcc/arm-none-eabi/10.3.1/../../../../arm-none-eabi/lib/thumb/v7e-m+fp/hard\libc_nano.a
LOAD c:/st/stm32cubeide_1.12.1/stm32cubeide/plugins/com.st.stm32cube.ide.mcu.externaltools.gnu-tools-for-stm32.10.3-2021.10.win32_1.0.200.202301161003/tools/bin/../lib/gcc/arm-none-eabi/10.3.1/../../../../arm-none-eabi/lib/thumb/v7e-m+fp/hard\libm.a
END GROUP
START GROUP
LOAD c:/st/stm32cubeide_1.12.1/stm32cubeide/plugins/com.st.stm32cube.ide.mcu.externaltools.gnu-tools-for-stm32.10.3-2021.10.win32_1.0.200.202301161003/tools/bin/../lib/gcc/arm-none-eabi/10.3.1/thumb/v7e-m+fp/hard\libgcc.a
LOAD c:/st/stm32cubeide_1.12.1/stm32cubeide/plugins/com.st.stm32cube.ide.mcu.externaltools.gnu-tools-for-stm32.10.3-2021.10.win32_1.0.200.202301161003/tools/bin/../lib/gcc/arm-none-eabi/10.3.1/../../../../arm-none-eabi/lib/thumb/v7e-m+fp/hard\libc_nano.a
END GROUP
START GROUP
LOAD c:/st/stm32cubeide_1.12.1/stm32cubeide/plugins/com.st.stm32cube.ide.mcu.externaltools.gnu-tools-for-stm32.10.3-2021.10.win32_1.0.200.202301161003/tools/bin/../lib/gcc/arm-none-eabi/10.3.1/thumb/v7e-m+fp/hard\libgcc.a
LOAD c:/st/stm32cubeide_1.12.1/stm32cubeide/plugins/com.st.stm32cube.ide.mcu.externaltools.gnu-tools-for-stm32.10.3-2021.10.win32_1.0.200.202301161003/tools/bin/../lib/gcc/arm-none-eabi/10.3.1/../../../../arm-none-eabi/lib/thumb/v7e-m+fp/hard\libc_nano.a
LOAD c:/st/stm32cubeide_1.12.1/stm32cubeide/plugins/com.st.stm32cube.ide.mcu.externaltools.gnu-tools-for-stm32.10.3-2021.10.win32_1.0.200.202301161003/tools/bin/../lib/gcc/arm-none-eabi/10.3.1/../../../../arm-none-eabi/lib/thumb/v7e-m+fp/hard\libnosys.a
END GROUP
START GROUP
LOAD c:/st/stm32cubeide_1.12.1/stm32cubeide/plugins/com.st.stm32cube.ide.mcu.externaltools.gnu-tools-for-stm32.10.3-2021.10.win32_1.0.200.202301161003/tools/bin/../lib/gcc/arm-none-eabi/10.3.1/thumb/v7e-m+fp/hard\libgcc.a
LOAD c:/st/stm32cubeide_1.12.1/stm32cubeide/plugins/com.st.stm32cube.ide.mcu.externaltools.gnu-tools-for-stm32.10.3-2021.10.win32_1.0.200.202301161003/tools/bin/../lib/gcc/arm-none-eabi/10.3.1/../../../../arm-none-eabi/lib/thumb/v7e-m+fp/hard\libc_nano.a
LOAD c:/st/stm32cubeide_1.12.1/stm32cubeide/plugins/com.st.stm32cube.ide.mcu.externaltools.gnu-tools-for-stm32.10.3-2021.10.win32_1.0.200.202301161003/tools/bin/../lib/gcc/arm-none-eabi/10.3.1/../../../../arm-none-eabi/lib/thumb/v7e-m+fp/hard\libnosys.a
END GROUP
LOAD c:/st/stm32cubeide_1.12.1/stm32cubeide/plugins/com.st.stm32cube.ide.mcu.externaltools.gnu-tools-for-stm32.10.3-2021.10.win32_1.0.200.202301161003/tools/bin/../lib/gcc/arm-none-eabi/10.3.1/thumb/v7e-m+fp/hard/crtend.o
LOAD c:/st/stm32cubeide_1.12.1/stm32cubeide/plugins/com.st.stm32cube.ide.mcu.externaltools.gnu-tools-for-stm32.10.3-2021.10.win32_1.0.200.202301161003/tools/bin/../lib/gcc/arm-none-eabi/10.3.1/thumb/v7e-m+fp/hard/crtn.o
                0x0000000020050000                _estack = (ORIGIN (RAM) + LENGTH (RAM))
                0x0000000000000200                _Min_Heap_Size = 0x200
                0x0000000000000400                _Min_Stack_Size = 0x400

.isr_vector     0x0000000008000000      0x1c8
                0x0000000008000000                . = ALIGN (0x4)
 *(.isr_vector)
 .isr_vector    0x0000000008000000      0x1c8 ./Core/Startup/startup_stm32f746zetx.o
                0x0000000008000000                g_pfnVectors
                0x00000000080001c8                . = ALIGN (0x4)

.text           0x00000000080001d0     0x6e9c
                0x00000000080001d0                . = ALIGN (0x4)
 *(.text)
 .text          0x00000000080001d0       0x40 c:/st/stm32cubeide_1.12.1/stm32cubeide/plugins/com.st.stm32cube.ide.mcu.externaltools.gnu-tools-for-stm32.10.3-2021.10.win32_1.0.200.202301161003/tools/bin/../lib/gcc/arm-none-eabi/10.3.1/thumb/v7e-m+fp/hard/crtbegin.o
 .text          0x0000000008000210       0x14 c:/st/stm32cubeide_1.12.1/stm32cubeide/plugins/com.st.stm32cube.ide.mcu.externaltools.gnu-tools-for-stm32.10.3-2021.10.win32_1.0.200.202301161003/tools/bin/../lib/gcc/arm-none-eabi/10.3.1/../../../../arm-none-eabi/lib/thumb/v7e-m+fp/hard\libc_nano.a(lib_a-strcmp.o)
                0x0000000008000210                strcmp
 .text          0x0000000008000224       0x10 c:/st/stm32cubeide_1.12.1/stm32cubeide/plugins/com.st.stm32cube.ide.mcu.externaltools.gnu-tools-for-stm32.10.3-2021.10.win32_1.0.200.202301161003/tools/bin/../lib/gcc/arm-none-eabi/10.3.1/../../../../arm-none-eabi/lib/thumb/v7e-m+fp/hard\libc_nano.a(lib_a-strlen.o)
                0x0000000008000224                strlen
 *fill*         0x0000000008000234        0xc 
 .text          0x0000000008000240       0xa0 c:/st/stm32cubeide_1.12.1/stm32cubeide/plugins/com.st.stm32cube.ide.mcu.externaltools.gnu-tools-for-stm32.10.3-2021.10.win32_1.0.200.202301161003/tools/bin/../lib/gcc/arm-none-eabi/10.3.1/../../../../arm-none-eabi/lib/thumb/v7e-m+fp/hard\libc_nano.a(lib_a-memchr.o)
                0x0000000008000240                memchr
 .text          0x00000000080002e0       0x30 c:/st/stm32cubeide_1.12.1/stm32cubeide/plugins/com.st.stm32cube.ide.mcu.externaltools.gnu-tools-for-stm32.10.3-2021.10.win32_1.0.200.202301161003/tools/bin/../lib/gcc/arm-none-eabi/10.3.1/thumb/v7e-m+fp/hard\libgcc.a(_aeabi_uldivmod.o)
                0x00000000080002e0                __aeabi_uldivmod
 .text          0x0000000008000310      0x2d0 c:/st/stm32cubeide_1.12.1/stm32cubeide/plugins/com.st.stm32cube.ide.mcu.externaltools.gnu-tools-for-stm32.10.3-2021.10.win32_1.0.200.202301161003/tools/bin/../lib/gcc/arm-none-eabi/10.3.1/thumb/v7e-m+fp/hard\libgcc.a(_udivmoddi4.o)
                0x0000000008000310                __udivmoddi4
 .text          0x00000000080005e0        0x4 c:/st/stm32cubeide_1.12.1/stm32cubeide/plugins/com.st.stm32cube.ide.mcu.externaltools.gnu-tools-for-stm32.10.3-2021.10.win32_1.0.200.202301161003/tools/bin/../lib/gcc/arm-none-eabi/10.3.1/thumb/v7e-m+fp/hard\libgcc.a(_dvmd_tls.o)
                0x00000000080005e0                __aeabi_idiv0
                0x00000000080005e0                __aeabi_ldiv0
 *(.text*)
 .text.callback_print_console
                0x00000000080005e4        0xc ./Core/Src/main.o
                0x00000000080005e4                callback_print_console
 .text.callback_SIM_conv
                0x00000000080005f0        0xc ./Core/Src/main.o
                0x00000000080005f0                callback_SIM_conv
 .text.callback_timer_watch_queues
                0x00000000080005fc        0xc ./Core/Src/main.o
                0x00000000080005fc                callback_timer_watch_queues
 .text.f_KEYENCE_watch
                0x0000000008000608       0x10 ./Core/Src/main.o
                0x0000000008000608                f_KEYENCE_watch
 .text.f_FGS_wach
                0x0000000008000618        0x6 ./Core/Src/main.o
                0x0000000008000618                f_FGS_wach
 *fill*         0x000000000800061e        0x2 
 .text.f_SIM_conv
                0x0000000008000620       0x28 ./Core/Src/main.o
                0x0000000008000620                f_SIM_conv
 .text.f_debug_mssgs
                0x0000000008000648       0x9c ./Core/Src/main.o
                0x0000000008000648                f_debug_mssgs
 .text.get_recipe_from_classifier
                0x00000000080006e4       0x84 ./Core/Src/main.o
                0x00000000080006e4                get_recipe_from_classifier
 .text.get_length_message
                0x0000000008000768       0x18 ./Core/Src/main.o
                0x0000000008000768                get_length_message
 .text.SystemClock_Config
                0x0000000008000780       0x9c ./Core/Src/main.o
                0x0000000008000780                SystemClock_Config
 .text.startup.main
                0x000000000800081c      0x440 ./Core/Src/main.o
                0x000000000800081c                main
 .text.HAL_UART_RxCpltCallback
                0x0000000008000c5c       0x90 ./Core/Src/main.o
                0x0000000008000c5c                HAL_UART_RxCpltCallback
 .text.debug_send_echo
                0x0000000008000cec       0x40 ./Core/Src/main.o
                0x0000000008000cec                debug_send_echo
 .text.debug_send_error
                0x0000000008000d2c       0x40 ./Core/Src/main.o
                0x0000000008000d2c                debug_send_error
 .text.debug_send_success
                0x0000000008000d6c       0x40 ./Core/Src/main.o
                0x0000000008000d6c                debug_send_success
 .text.thread_CommandHanler
                0x0000000008000dac      0x150 ./Core/Src/main.o
                0x0000000008000dac                thread_CommandHanler
 .text.debug_send_ack
                0x0000000008000efc       0x40 ./Core/Src/main.o
                0x0000000008000efc                debug_send_ack
 .text.f_print_console
                0x0000000008000f3c       0x38 ./Core/Src/main.o
                0x0000000008000f3c                f_print_console
 .text.f_RPI_watch
                0x0000000008000f74       0xfc ./Core/Src/main.o
                0x0000000008000f74                f_RPI_watch
 .text.HAL_TIM_PeriodElapsedCallback
                0x0000000008001070       0x14 ./Core/Src/main.o
                0x0000000008001070                HAL_TIM_PeriodElapsedCallback
 .text.Error_Handler
                0x0000000008001084        0x4 ./Core/Src/main.o
                0x0000000008001084                Error_Handler
 .text.HAL_MspInit
                0x0000000008001088       0x3c ./Core/Src/stm32f7xx_hal_msp.o
                0x0000000008001088                HAL_MspInit
 .text.HAL_ETH_MspInit
                0x00000000080010c4      0x10c ./Core/Src/stm32f7xx_hal_msp.o
                0x00000000080010c4                HAL_ETH_MspInit
 .text.HAL_UART_MspInit
                0x00000000080011d0      0x180 ./Core/Src/stm32f7xx_hal_msp.o
                0x00000000080011d0                HAL_UART_MspInit
 .text.HAL_PCD_MspInit
                0x0000000008001350       0x98 ./Core/Src/stm32f7xx_hal_msp.o
                0x0000000008001350                HAL_PCD_MspInit
 .text.HAL_InitTick
                0x00000000080013e8       0x9c ./Core/Src/stm32f7xx_hal_timebase_tim.o
                0x00000000080013e8                HAL_InitTick
 .text.NMI_Handler
                0x0000000008001484        0x2 ./Core/Src/stm32f7xx_it.o
                0x0000000008001484                NMI_Handler
 .text.HardFault_Handler
                0x0000000008001486        0x2 ./Core/Src/stm32f7xx_it.o
                0x0000000008001486                HardFault_Handler
 .text.MemManage_Handler
                0x0000000008001488        0x2 ./Core/Src/stm32f7xx_it.o
                0x0000000008001488                MemManage_Handler
 .text.BusFault_Handler
                0x000000000800148a        0x2 ./Core/Src/stm32f7xx_it.o
                0x000000000800148a                BusFault_Handler
 .text.UsageFault_Handler
                0x000000000800148c        0x2 ./Core/Src/stm32f7xx_it.o
                0x000000000800148c                UsageFault_Handler
 .text.DebugMon_Handler
                0x000000000800148e        0x2 ./Core/Src/stm32f7xx_it.o
                0x000000000800148e                DebugMon_Handler
 .text.USART3_IRQHandler
                0x0000000008001490        0xc ./Core/Src/stm32f7xx_it.o
                0x0000000008001490                USART3_IRQHandler
 .text.TIM6_DAC_IRQHandler
                0x000000000800149c        0xc ./Core/Src/stm32f7xx_it.o
                0x000000000800149c                TIM6_DAC_IRQHandler
 .text._getpid  0x00000000080014a8        0x4 ./Core/Src/syscalls.o
                0x00000000080014a8                _getpid
 .text._kill    0x00000000080014ac       0x10 ./Core/Src/syscalls.o
                0x00000000080014ac                _kill
 .text._exit    0x00000000080014bc        0xc ./Core/Src/syscalls.o
                0x00000000080014bc                _exit
 .text._read    0x00000000080014c8       0x1c ./Core/Src/syscalls.o
                0x00000000080014c8                _read
 .text._write   0x00000000080014e4       0x1c ./Core/Src/syscalls.o
                0x00000000080014e4                _write
 .text._close   0x0000000008001500        0x6 ./Core/Src/syscalls.o
                0x0000000008001500                _close
 .text._fstat   0x0000000008001506        0xa ./Core/Src/syscalls.o
                0x0000000008001506                _fstat
 .text._isatty  0x0000000008001510        0x4 ./Core/Src/syscalls.o
                0x0000000008001510                _isatty
 .text._lseek   0x0000000008001514        0x4 ./Core/Src/syscalls.o
                0x0000000008001514                _lseek
 .text._sbrk    0x0000000008001518       0x40 ./Core/Src/sysmem.o
                0x0000000008001518                _sbrk
 .text.SystemInit
                0x0000000008001558       0x14 ./Core/Src/system_stm32f7xx.o
                0x0000000008001558                SystemInit
 .text.trigger_on_RPI
                0x000000000800156c       0x10 ./Core/Src/trigger.o
                0x000000000800156c                trigger_on_RPI
 .text.trigger_off_RPI
                0x000000000800157c       0x10 ./Core/Src/trigger.o
                0x000000000800157c                trigger_off_RPI
 .text.Reset_Handler
                0x000000000800158c       0x48 ./Core/Startup/startup_stm32f746zetx.o
                0x000000000800158c                Reset_Handler
 .text.Default_Handler
                0x00000000080015d4        0x2 ./Core/Startup/startup_stm32f746zetx.o
                0x00000000080015d4                RTC_Alarm_IRQHandler
                0x00000000080015d4                EXTI2_IRQHandler
                0x00000000080015d4                TIM8_CC_IRQHandler
                0x00000000080015d4                UART8_IRQHandler
                0x00000000080015d4                SPI4_IRQHandler
                0x00000000080015d4                TIM1_CC_IRQHandler
                0x00000000080015d4                DMA2_Stream5_IRQHandler
                0x00000000080015d4                DMA1_Stream5_IRQHandler
                0x00000000080015d4                PVD_IRQHandler
                0x00000000080015d4                TAMP_STAMP_IRQHandler
                0x00000000080015d4                CAN2_RX1_IRQHandler
                0x00000000080015d4                EXTI3_IRQHandler
                0x00000000080015d4                TIM8_TRG_COM_TIM14_IRQHandler
                0x00000000080015d4                TIM1_UP_TIM10_IRQHandler
                0x00000000080015d4                TIM8_UP_TIM13_IRQHandler
                0x00000000080015d4                I2C3_ER_IRQHandler
                0x00000000080015d4                EXTI0_IRQHandler
                0x00000000080015d4                I2C2_EV_IRQHandler
                0x00000000080015d4                DMA1_Stream2_IRQHandler
                0x00000000080015d4                CAN1_RX0_IRQHandler
                0x00000000080015d4                FPU_IRQHandler
                0x00000000080015d4                OTG_HS_WKUP_IRQHandler
                0x00000000080015d4                LTDC_ER_IRQHandler
                0x00000000080015d4                CAN2_SCE_IRQHandler
                0x00000000080015d4                DMA2_Stream2_IRQHandler
                0x00000000080015d4                SPI1_IRQHandler
                0x00000000080015d4                TIM1_BRK_TIM9_IRQHandler
                0x00000000080015d4                DCMI_IRQHandler
                0x00000000080015d4                CAN2_RX0_IRQHandler
                0x00000000080015d4                DMA2_Stream3_IRQHandler
                0x00000000080015d4                SAI2_IRQHandler
                0x00000000080015d4                USART6_IRQHandler
                0x00000000080015d4                CAN1_RX1_IRQHandler
                0x00000000080015d4                UART5_IRQHandler
                0x00000000080015d4                DMA2_Stream0_IRQHandler
                0x00000000080015d4                TIM4_IRQHandler
                0x00000000080015d4                QUADSPI_IRQHandler
                0x00000000080015d4                I2C1_EV_IRQHandler
                0x00000000080015d4                DMA1_Stream6_IRQHandler
                0x00000000080015d4                DMA1_Stream1_IRQHandler
                0x00000000080015d4                UART4_IRQHandler
                0x00000000080015d4                TIM3_IRQHandler
                0x00000000080015d4                RCC_IRQHandler
                0x00000000080015d4                TIM8_BRK_TIM12_IRQHandler
                0x00000000080015d4                Default_Handler
                0x00000000080015d4                CEC_IRQHandler
                0x00000000080015d4                EXTI15_10_IRQHandler
                0x00000000080015d4                ADC_IRQHandler
                0x00000000080015d4                DMA1_Stream7_IRQHandler
                0x00000000080015d4                SPI5_IRQHandler
                0x00000000080015d4                TIM7_IRQHandler
                0x00000000080015d4                SDMMC1_IRQHandler
                0x00000000080015d4                CAN2_TX_IRQHandler
                0x00000000080015d4                TIM5_IRQHandler
                0x00000000080015d4                DMA2_Stream7_IRQHandler
                0x00000000080015d4                I2C3_EV_IRQHandler
                0x00000000080015d4                EXTI9_5_IRQHandler
                0x00000000080015d4                RTC_WKUP_IRQHandler
                0x00000000080015d4                LTDC_IRQHandler
                0x00000000080015d4                ETH_WKUP_IRQHandler
                0x00000000080015d4                SPDIF_RX_IRQHandler
                0x00000000080015d4                SPI2_IRQHandler
                0x00000000080015d4                OTG_HS_EP1_IN_IRQHandler
                0x00000000080015d4                DMA1_Stream0_IRQHandler
                0x00000000080015d4                CAN1_TX_IRQHandler
                0x00000000080015d4                EXTI4_IRQHandler
                0x00000000080015d4                RNG_IRQHandler
                0x00000000080015d4                ETH_IRQHandler
                0x00000000080015d4                OTG_HS_EP1_OUT_IRQHandler
                0x00000000080015d4                WWDG_IRQHandler
                0x00000000080015d4                SPI6_IRQHandler
                0x00000000080015d4                I2C4_EV_IRQHandler
                0x00000000080015d4                TIM2_IRQHandler
                0x00000000080015d4                OTG_FS_WKUP_IRQHandler
                0x00000000080015d4                TIM1_TRG_COM_TIM11_IRQHandler
                0x00000000080015d4                OTG_HS_IRQHandler
                0x00000000080015d4                DMA2D_IRQHandler
                0x00000000080015d4                EXTI1_IRQHandler
                0x00000000080015d4                UART7_IRQHandler
                0x00000000080015d4                USART2_IRQHandler
                0x00000000080015d4                I2C2_ER_IRQHandler
                0x00000000080015d4                DMA2_Stream1_IRQHandler
                0x00000000080015d4                CAN1_SCE_IRQHandler
                0x00000000080015d4                FLASH_IRQHandler
                0x00000000080015d4                DMA2_Stream4_IRQHandler
                0x00000000080015d4                USART1_IRQHandler
                0x00000000080015d4                OTG_FS_IRQHandler
                0x00000000080015d4                SPI3_IRQHandler
                0x00000000080015d4                DMA1_Stream4_IRQHandler
                0x00000000080015d4                I2C1_ER_IRQHandler
                0x00000000080015d4                FMC_IRQHandler
                0x00000000080015d4                LPTIM1_IRQHandler
                0x00000000080015d4                I2C4_ER_IRQHandler
                0x00000000080015d4                DMA2_Stream6_IRQHandler
                0x00000000080015d4                SAI1_IRQHandler
                0x00000000080015d4                DMA1_Stream3_IRQHandler
 .text.HAL_Init
                0x00000000080015d6       0x16 ./Drivers/STM32F7xx_HAL_Driver/stm32f7xx_hal.o
                0x00000000080015d6                HAL_Init
 .text.HAL_IncTick
                0x00000000080015ec       0x18 ./Drivers/STM32F7xx_HAL_Driver/stm32f7xx_hal.o
                0x00000000080015ec                HAL_IncTick
 .text.HAL_GetTick
                0x0000000008001604        0xc ./Drivers/STM32F7xx_HAL_Driver/stm32f7xx_hal.o
                0x0000000008001604                HAL_GetTick
 .text.HAL_Delay
                0x0000000008001610       0x24 ./Drivers/STM32F7xx_HAL_Driver/stm32f7xx_hal.o
                0x0000000008001610                HAL_Delay
 .text.HAL_NVIC_SetPriorityGrouping
                0x0000000008001634       0x24 ./Drivers/STM32F7xx_HAL_Driver/stm32f7xx_hal_cortex.o
                0x0000000008001634                HAL_NVIC_SetPriorityGrouping
 .text.HAL_NVIC_SetPriority
                0x0000000008001658       0x64 ./Drivers/STM32F7xx_HAL_Driver/stm32f7xx_hal_cortex.o
                0x0000000008001658                HAL_NVIC_SetPriority
 .text.HAL_NVIC_EnableIRQ
                0x00000000080016bc       0x1c ./Drivers/STM32F7xx_HAL_Driver/stm32f7xx_hal_cortex.o
                0x00000000080016bc                HAL_NVIC_EnableIRQ
 .text.HAL_DMA_Abort
                0x00000000080016d8       0x88 ./Drivers/STM32F7xx_HAL_Driver/stm32f7xx_hal_dma.o
                0x00000000080016d8                HAL_DMA_Abort
 .text.HAL_DMA_Abort_IT
                0x0000000008001760       0x24 ./Drivers/STM32F7xx_HAL_Driver/stm32f7xx_hal_dma.o
                0x0000000008001760                HAL_DMA_Abort_IT
 .text.ETH_SetMACConfig
                0x0000000008001784      0x108 ./Drivers/STM32F7xx_HAL_Driver/stm32f7xx_hal_eth.o
 .text.ETH_SetDMAConfig
                0x000000000800188c       0xac ./Drivers/STM32F7xx_HAL_Driver/stm32f7xx_hal_eth.o
 .text.HAL_ETH_Init
                0x0000000008001938      0x1d4 ./Drivers/STM32F7xx_HAL_Driver/stm32f7xx_hal_eth.o
                0x0000000008001938                HAL_ETH_Init
 .text.HAL_GPIO_Init
                0x0000000008001b0c      0x1c8 ./Drivers/STM32F7xx_HAL_Driver/stm32f7xx_hal_gpio.o
                0x0000000008001b0c                HAL_GPIO_Init
 .text.HAL_GPIO_WritePin
                0x0000000008001cd4        0xa ./Drivers/STM32F7xx_HAL_Driver/stm32f7xx_hal_gpio.o
                0x0000000008001cd4                HAL_GPIO_WritePin
 .text.HAL_PCD_Init
                0x0000000008001cde      0x112 ./Drivers/STM32F7xx_HAL_Driver/stm32f7xx_hal_pcd.o
                0x0000000008001cde                HAL_PCD_Init
 .text.HAL_PCDEx_ActivateLPM
                0x0000000008001df0       0x26 ./Drivers/STM32F7xx_HAL_Driver/stm32f7xx_hal_pcd_ex.o
                0x0000000008001df0                HAL_PCDEx_ActivateLPM
 *fill*         0x0000000008001e16        0x2 
 .text.HAL_RCC_OscConfig
                0x0000000008001e18      0x37c ./Drivers/STM32F7xx_HAL_Driver/stm32f7xx_hal_rcc.o
                0x0000000008001e18                HAL_RCC_OscConfig
 .text.HAL_RCC_GetSysClockFreq
                0x0000000008002194       0x5c ./Drivers/STM32F7xx_HAL_Driver/stm32f7xx_hal_rcc.o
                0x0000000008002194                HAL_RCC_GetSysClockFreq
 .text.HAL_RCC_ClockConfig
                0x00000000080021f0      0x140 ./Drivers/STM32F7xx_HAL_Driver/stm32f7xx_hal_rcc.o
                0x00000000080021f0                HAL_RCC_ClockConfig
 .text.HAL_RCC_GetPCLK1Freq
                0x0000000008002330       0x20 ./Drivers/STM32F7xx_HAL_Driver/stm32f7xx_hal_rcc.o
                0x0000000008002330                HAL_RCC_GetPCLK1Freq
 .text.HAL_RCC_GetPCLK2Freq
                0x0000000008002350       0x20 ./Drivers/STM32F7xx_HAL_Driver/stm32f7xx_hal_rcc.o
                0x0000000008002350                HAL_RCC_GetPCLK2Freq
 .text.HAL_RCC_GetClockConfig
                0x0000000008002370       0x3c ./Drivers/STM32F7xx_HAL_Driver/stm32f7xx_hal_rcc.o
                0x0000000008002370                HAL_RCC_GetClockConfig
 .text.HAL_RCCEx_PeriphCLKConfig
                0x00000000080023ac      0x510 ./Drivers/STM32F7xx_HAL_Driver/stm32f7xx_hal_rcc_ex.o
                0x00000000080023ac                HAL_RCCEx_PeriphCLKConfig
 .text.HAL_TIM_Base_MspInit
                0x00000000080028bc        0x2 ./Drivers/STM32F7xx_HAL_Driver/stm32f7xx_hal_tim.o
                0x00000000080028bc                HAL_TIM_Base_MspInit
 *fill*         0x00000000080028be        0x2 
 .text.HAL_TIM_Base_Start_IT
                0x00000000080028c0       0x7c ./Drivers/STM32F7xx_HAL_Driver/stm32f7xx_hal_tim.o
                0x00000000080028c0                HAL_TIM_Base_Start_IT
 .text.HAL_TIM_OC_DelayElapsedCallback
                0x000000000800293c        0x2 ./Drivers/STM32F7xx_HAL_Driver/stm32f7xx_hal_tim.o
                0x000000000800293c                HAL_TIM_OC_DelayElapsedCallback
 .text.HAL_TIM_IC_CaptureCallback
                0x000000000800293e        0x2 ./Drivers/STM32F7xx_HAL_Driver/stm32f7xx_hal_tim.o
                0x000000000800293e                HAL_TIM_IC_CaptureCallback
 .text.HAL_TIM_PWM_PulseFinishedCallback
                0x0000000008002940        0x2 ./Drivers/STM32F7xx_HAL_Driver/stm32f7xx_hal_tim.o
                0x0000000008002940                HAL_TIM_PWM_PulseFinishedCallback
 .text.HAL_TIM_TriggerCallback
                0x0000000008002942        0x2 ./Drivers/STM32F7xx_HAL_Driver/stm32f7xx_hal_tim.o
                0x0000000008002942                HAL_TIM_TriggerCallback
 .text.HAL_TIM_IRQHandler
                0x0000000008002944      0x160 ./Drivers/STM32F7xx_HAL_Driver/stm32f7xx_hal_tim.o
                0x0000000008002944                HAL_TIM_IRQHandler
 .text.TIM_Base_SetConfig
                0x0000000008002aa4       0xcc ./Drivers/STM32F7xx_HAL_Driver/stm32f7xx_hal_tim.o
                0x0000000008002aa4                TIM_Base_SetConfig
 .text.HAL_TIM_Base_Init
                0x0000000008002b70       0x60 ./Drivers/STM32F7xx_HAL_Driver/stm32f7xx_hal_tim.o
                0x0000000008002b70                HAL_TIM_Base_Init
 .text.HAL_TIMEx_CommutCallback
                0x0000000008002bd0        0x2 ./Drivers/STM32F7xx_HAL_Driver/stm32f7xx_hal_tim_ex.o
                0x0000000008002bd0                HAL_TIMEx_CommutCallback
 .text.HAL_TIMEx_BreakCallback
                0x0000000008002bd2        0x2 ./Drivers/STM32F7xx_HAL_Driver/stm32f7xx_hal_tim_ex.o
                0x0000000008002bd2                HAL_TIMEx_BreakCallback
 .text.HAL_TIMEx_Break2Callback
                0x0000000008002bd4        0x2 ./Drivers/STM32F7xx_HAL_Driver/stm32f7xx_hal_tim_ex.o
                0x0000000008002bd4                HAL_TIMEx_Break2Callback
 .text.UART_EndRxTransfer
                0x0000000008002bd6       0x50 ./Drivers/STM32F7xx_HAL_Driver/stm32f7xx_hal_uart.o
 .text.HAL_UART_TxCpltCallback
                0x0000000008002c26        0x2 ./Drivers/STM32F7xx_HAL_Driver/stm32f7xx_hal_uart.o
                0x0000000008002c26                HAL_UART_TxCpltCallback
 .text.HAL_UART_ErrorCallback
                0x0000000008002c28        0x2 ./Drivers/STM32F7xx_HAL_Driver/stm32f7xx_hal_uart.o
                0x0000000008002c28                HAL_UART_ErrorCallback
 .text.UART_DMAAbortOnError
                0x0000000008002c2a       0x14 ./Drivers/STM32F7xx_HAL_Driver/stm32f7xx_hal_uart.o
 .text.HAL_UARTEx_RxEventCallback
                0x0000000008002c3e        0x2 ./Drivers/STM32F7xx_HAL_Driver/stm32f7xx_hal_uart.o
                0x0000000008002c3e                HAL_UARTEx_RxEventCallback
 .text.HAL_UART_IRQHandler
                0x0000000008002c40      0x288 ./Drivers/STM32F7xx_HAL_Driver/stm32f7xx_hal_uart.o
                0x0000000008002c40                HAL_UART_IRQHandler
 .text.UART_RxISR_8BIT
                0x0000000008002ec8       0xa2 ./Drivers/STM32F7xx_HAL_Driver/stm32f7xx_hal_uart.o
 .text.UART_RxISR_16BIT
                0x0000000008002f6a       0x9c ./Drivers/STM32F7xx_HAL_Driver/stm32f7xx_hal_uart.o
 *fill*         0x0000000008003006        0x2 
 .text.UART_SetConfig
                0x0000000008003008      0x284 ./Drivers/STM32F7xx_HAL_Driver/stm32f7xx_hal_uart.o
                0x0000000008003008                UART_SetConfig
 .text.UART_AdvFeatureConfig
                0x000000000800328c       0xaa ./Drivers/STM32F7xx_HAL_Driver/stm32f7xx_hal_uart.o
                0x000000000800328c                UART_AdvFeatureConfig
 .text.UART_WaitOnFlagUntilTimeout
                0x0000000008003336       0xc0 ./Drivers/STM32F7xx_HAL_Driver/stm32f7xx_hal_uart.o
                0x0000000008003336                UART_WaitOnFlagUntilTimeout
 .text.HAL_UART_Transmit
                0x00000000080033f6       0xa0 ./Drivers/STM32F7xx_HAL_Driver/stm32f7xx_hal_uart.o
                0x00000000080033f6                HAL_UART_Transmit
 .text.UART_CheckIdleState
                0x0000000008003496       0x48 ./Drivers/STM32F7xx_HAL_Driver/stm32f7xx_hal_uart.o
                0x0000000008003496                UART_CheckIdleState
 .text.HAL_UART_Init
                0x00000000080034de       0x5c ./Drivers/STM32F7xx_HAL_Driver/stm32f7xx_hal_uart.o
                0x00000000080034de                HAL_UART_Init
 *fill*         0x000000000800353a        0x2 
 .text.UART_Start_Receive_IT
                0x000000000800353c       0xbc ./Drivers/STM32F7xx_HAL_Driver/stm32f7xx_hal_uart.o
                0x000000000800353c                UART_Start_Receive_IT
 .text.HAL_UART_Receive_IT
                0x00000000080035f8       0x3a ./Drivers/STM32F7xx_HAL_Driver/stm32f7xx_hal_uart.o
                0x00000000080035f8                HAL_UART_Receive_IT
 *fill*         0x0000000008003632        0x2 
 .text.USB_CoreReset
                0x0000000008003634       0x4c ./Drivers/STM32F7xx_HAL_Driver/stm32f7xx_ll_usb.o
 .text.USB_CoreInit
                0x0000000008003680       0x76 ./Drivers/STM32F7xx_HAL_Driver/stm32f7xx_ll_usb.o
                0x0000000008003680                USB_CoreInit
 .text.USB_DisableGlobalInt
                0x00000000080036f6        0xc ./Drivers/STM32F7xx_HAL_Driver/stm32f7xx_ll_usb.o
                0x00000000080036f6                USB_DisableGlobalInt
 .text.USB_SetCurrentMode
                0x0000000008003702       0x5c ./Drivers/STM32F7xx_HAL_Driver/stm32f7xx_ll_usb.o
                0x0000000008003702                USB_SetCurrentMode
 *fill*         0x000000000800375e        0x2 
 .text.USB_FlushTxFifo
                0x0000000008003760       0x4c ./Drivers/STM32F7xx_HAL_Driver/stm32f7xx_ll_usb.o
                0x0000000008003760                USB_FlushTxFifo
 .text.USB_FlushRxFifo
                0x00000000080037ac       0x48 ./Drivers/STM32F7xx_HAL_Driver/stm32f7xx_ll_usb.o
                0x00000000080037ac                USB_FlushRxFifo
 .text.USB_SetDevSpeed
                0x00000000080037f4        0xe ./Drivers/STM32F7xx_HAL_Driver/stm32f7xx_ll_usb.o
                0x00000000080037f4                USB_SetDevSpeed
 *fill*         0x0000000008003802        0x2 
 .text.USB_DevInit
                0x0000000008003804      0x16c ./Drivers/STM32F7xx_HAL_Driver/stm32f7xx_ll_usb.o
                0x0000000008003804                USB_DevInit
 .text.USB_DevDisconnect
                0x0000000008003970       0x1c ./Drivers/STM32F7xx_HAL_Driver/stm32f7xx_ll_usb.o
                0x0000000008003970                USB_DevDisconnect
 .text.TimerCallback
                0x000000000800398c       0x14 ./Middlewares/FreeRTOS/cmsis_os2.o
 .text.osKernelInitialize
                0x00000000080039a0       0x34 ./Middlewares/FreeRTOS/cmsis_os2.o
                0x00000000080039a0                osKernelInitialize
 .text.osKernelStart
                0x00000000080039d4       0x40 ./Middlewares/FreeRTOS/cmsis_os2.o
                0x00000000080039d4                osKernelStart
 .text.osThreadNew
                0x0000000008003a14       0xac ./Middlewares/FreeRTOS/cmsis_os2.o
                0x0000000008003a14                osThreadNew
 .text.osDelay  0x0000000008003ac0       0x34 ./Middlewares/FreeRTOS/cmsis_os2.o
                0x0000000008003ac0                osDelay
 .text.osTimerNew
                0x0000000008003af4       0x7c ./Middlewares/FreeRTOS/cmsis_os2.o
                0x0000000008003af4                osTimerNew
 .text.osTimerStart
                0x0000000008003b70       0x4c ./Middlewares/FreeRTOS/cmsis_os2.o
                0x0000000008003b70                osTimerStart
 .text.osMessageQueueNew
                0x0000000008003bbc       0x8c ./Middlewares/FreeRTOS/cmsis_os2.o
                0x0000000008003bbc                osMessageQueueNew
 .text.osMessageQueuePut
                0x0000000008003c48       0x84 ./Middlewares/FreeRTOS/cmsis_os2.o
                0x0000000008003c48                osMessageQueuePut
 .text.osMessageQueueGet
                0x0000000008003ccc       0x80 ./Middlewares/FreeRTOS/cmsis_os2.o
                0x0000000008003ccc                osMessageQueueGet
 .text.vApplicationGetIdleTaskMemory
                0x0000000008003d4c       0x18 ./Middlewares/FreeRTOS/cmsis_os2.o
                0x0000000008003d4c                vApplicationGetIdleTaskMemory
 .text.vApplicationGetTimerTaskMemory
                0x0000000008003d64       0x18 ./Middlewares/FreeRTOS/cmsis_os2.o
                0x0000000008003d64                vApplicationGetTimerTaskMemory
 .text.prvInsertBlockIntoFreeList
                0x0000000008003d7c       0x48 ./Middlewares/FreeRTOS/heap_4.o
 .text.pvPortMalloc
                0x0000000008003dc4      0x128 ./Middlewares/FreeRTOS/heap_4.o
                0x0000000008003dc4                pvPortMalloc
 .text.vPortFree
                0x0000000008003eec       0x78 ./Middlewares/FreeRTOS/heap_4.o
                0x0000000008003eec                vPortFree
 .text.vListInitialise
                0x0000000008003f64       0x16 ./Middlewares/FreeRTOS/list.o
                0x0000000008003f64                vListInitialise
 .text.vListInitialiseItem
                0x0000000008003f7a        0x6 ./Middlewares/FreeRTOS/list.o
                0x0000000008003f7a                vListInitialiseItem
 .text.vListInsertEnd
                0x0000000008003f80       0x18 ./Middlewares/FreeRTOS/list.o
                0x0000000008003f80                vListInsertEnd
 .text.vListInsert
                0x0000000008003f98       0x2e ./Middlewares/FreeRTOS/list.o
                0x0000000008003f98                vListInsert
 .text.uxListRemove
                0x0000000008003fc6       0x20 ./Middlewares/FreeRTOS/list.o
                0x0000000008003fc6                uxListRemove
 *fill*         0x0000000008003fe6        0x2 
 .text.prvPortStartFirstTask
                0x0000000008003fe8       0x28 ./Middlewares/FreeRTOS/port.o
 .text.vPortEnableVFP
                0x0000000008004010       0x14 ./Middlewares/FreeRTOS/port.o
 .text.prvTaskExitError
                0x0000000008004024       0x48 ./Middlewares/FreeRTOS/port.o
 .text.pxPortInitialiseStack
                0x000000000800406c       0x24 ./Middlewares/FreeRTOS/port.o
                0x000000000800406c                pxPortInitialiseStack
 .text.SVC_Handler
                0x0000000008004090       0x24 ./Middlewares/FreeRTOS/port.o
                0x0000000008004090                SVC_Handler
 .text.vPortEnterCritical
                0x00000000080040b4       0x48 ./Middlewares/FreeRTOS/port.o
                0x00000000080040b4                vPortEnterCritical
 .text.vPortExitCritical
                0x00000000080040fc       0x2c ./Middlewares/FreeRTOS/port.o
                0x00000000080040fc                vPortExitCritical
 *fill*         0x0000000008004128        0x8 
 .text.PendSV_Handler
                0x0000000008004130       0x64 ./Middlewares/FreeRTOS/port.o
                0x0000000008004130                PendSV_Handler
 .text.SysTick_Handler
                0x0000000008004194       0x30 ./Middlewares/FreeRTOS/port.o
                0x0000000008004194                SysTick_Handler
 .text.vPortSetupTimerInterrupt
                0x00000000080041c4       0x24 ./Middlewares/FreeRTOS/port.o
                0x00000000080041c4                vPortSetupTimerInterrupt
 .text.xPortStartScheduler
                0x00000000080041e8       0xcc ./Middlewares/FreeRTOS/port.o
                0x00000000080041e8                xPortStartScheduler
 .text.vPortValidateInterruptPriority
                0x00000000080042b4       0x64 ./Middlewares/FreeRTOS/port.o
                0x00000000080042b4                vPortValidateInterruptPriority
 .text.prvIsQueueEmpty
                0x0000000008004318       0x16 ./Middlewares/FreeRTOS/queue.o
 .text.prvCopyDataToQueue
                0x000000000800432e       0x6a ./Middlewares/FreeRTOS/queue.o
 .text.prvCopyDataFromQueue
                0x0000000008004398       0x2a ./Middlewares/FreeRTOS/queue.o
 .text.prvUnlockQueue
                0x00000000080043c2       0x70 ./Middlewares/FreeRTOS/queue.o
 .text.xQueueGenericReset
                0x0000000008004432       0x82 ./Middlewares/FreeRTOS/queue.o
                0x0000000008004432                xQueueGenericReset
 .text.xQueueGenericCreateStatic.part.0
                0x00000000080044b4       0x98 ./Middlewares/FreeRTOS/queue.o
 .text.xQueueGenericCreateStatic
                0x000000000800454c       0x28 ./Middlewares/FreeRTOS/queue.o
                0x000000000800454c                xQueueGenericCreateStatic
 .text.xQueueGenericCreate
                0x0000000008004574       0x52 ./Middlewares/FreeRTOS/queue.o
                0x0000000008004574                xQueueGenericCreate
 .text.xQueueGenericSend
                0x00000000080045c6      0x176 ./Middlewares/FreeRTOS/queue.o
                0x00000000080045c6                xQueueGenericSend
 .text.xQueueGenericSendFromISR
                0x000000000800473c       0xd2 ./Middlewares/FreeRTOS/queue.o
                0x000000000800473c                xQueueGenericSendFromISR
 .text.xQueueReceive
                0x000000000800480e      0x14a ./Middlewares/FreeRTOS/queue.o
                0x000000000800480e                xQueueReceive
 .text.xQueueReceiveFromISR
                0x0000000008004958       0xaa ./Middlewares/FreeRTOS/queue.o
                0x0000000008004958                xQueueReceiveFromISR
 *fill*         0x0000000008004a02        0x2 
 .text.vQueueAddToRegistry
                0x0000000008004a04       0x24 ./Middlewares/FreeRTOS/queue.o
                0x0000000008004a04                vQueueAddToRegistry
 .text.vQueueWaitForMessageRestricted
                0x0000000008004a28       0x46 ./Middlewares/FreeRTOS/queue.o
                0x0000000008004a28                vQueueWaitForMessageRestricted
 *fill*         0x0000000008004a6e        0x2 
 .text.prvAddNewTaskToReadyList
                0x0000000008004a70       0xfc ./Middlewares/FreeRTOS/tasks.o
 .text.prvAddCurrentTaskToDelayedList
                0x0000000008004b6c       0x70 ./Middlewares/FreeRTOS/tasks.o
 .text.prvTaskIsTaskSuspended
                0x0000000008004bdc       0x3c ./Middlewares/FreeRTOS/tasks.o
 .text.prvResetNextTaskUnblockTime
                0x0000000008004c18       0x24 ./Middlewares/FreeRTOS/tasks.o
 .text.prvDeleteTCB
                0x0000000008004c3c       0x40 ./Middlewares/FreeRTOS/tasks.o
 .text.prvIdleTask
                0x0000000008004c7c       0x60 ./Middlewares/FreeRTOS/tasks.o
 .text.prvInitialiseNewTask.constprop.0
                0x0000000008004cdc       0xc0 ./Middlewares/FreeRTOS/tasks.o
 .text.xTaskCreateStatic
                0x0000000008004d9c       0x7c ./Middlewares/FreeRTOS/tasks.o
                0x0000000008004d9c                xTaskCreateStatic
 .text.xTaskCreate
                0x0000000008004e18       0x5a ./Middlewares/FreeRTOS/tasks.o
                0x0000000008004e18                xTaskCreate
 *fill*         0x0000000008004e72        0x2 
 .text.vTaskResume
                0x0000000008004e74       0x8c ./Middlewares/FreeRTOS/tasks.o
                0x0000000008004e74                vTaskResume
 .text.vTaskStartScheduler
                0x0000000008004f00       0xa8 ./Middlewares/FreeRTOS/tasks.o
                0x0000000008004f00                vTaskStartScheduler
 .text.vTaskSuspendAll
                0x0000000008004fa8       0x10 ./Middlewares/FreeRTOS/tasks.o
                0x0000000008004fa8                vTaskSuspendAll
 .text.xTaskGetTickCount
                0x0000000008004fb8        0xc ./Middlewares/FreeRTOS/tasks.o
                0x0000000008004fb8                xTaskGetTickCount
 .text.xTaskIncrementTick
                0x0000000008004fc4      0x130 ./Middlewares/FreeRTOS/tasks.o
                0x0000000008004fc4                xTaskIncrementTick
 .text.xTaskResumeAll
                0x00000000080050f4       0xec ./Middlewares/FreeRTOS/tasks.o
                0x00000000080050f4                xTaskResumeAll
 .text.vTaskDelay
                0x00000000080051e0       0x4c ./Middlewares/FreeRTOS/tasks.o
                0x00000000080051e0                vTaskDelay
 .text.vTaskSwitchContext
                0x000000000800522c       0x84 ./Middlewares/FreeRTOS/tasks.o
                0x000000000800522c                vTaskSwitchContext
 .text.vTaskSuspend
                0x00000000080052b0       0xb8 ./Middlewares/FreeRTOS/tasks.o
                0x00000000080052b0                vTaskSuspend
 .text.vTaskPlaceOnEventList
                0x0000000008005368       0x38 ./Middlewares/FreeRTOS/tasks.o
                0x0000000008005368                vTaskPlaceOnEventList
 .text.vTaskPlaceOnEventListRestricted
                0x00000000080053a0       0x40 ./Middlewares/FreeRTOS/tasks.o
                0x00000000080053a0                vTaskPlaceOnEventListRestricted
 .text.xTaskRemoveFromEventList
                0x00000000080053e0       0x8c ./Middlewares/FreeRTOS/tasks.o
                0x00000000080053e0                xTaskRemoveFromEventList
 .text.vTaskInternalSetTimeOutState
                0x000000000800546c       0x18 ./Middlewares/FreeRTOS/tasks.o
                0x000000000800546c                vTaskInternalSetTimeOutState
 .text.xTaskCheckForTimeOut
                0x0000000008005484       0x80 ./Middlewares/FreeRTOS/tasks.o
                0x0000000008005484                xTaskCheckForTimeOut
 .text.vTaskMissedYield
                0x0000000008005504        0xc ./Middlewares/FreeRTOS/tasks.o
                0x0000000008005504                vTaskMissedYield
 .text.xTaskGetSchedulerState
                0x0000000008005510       0x20 ./Middlewares/FreeRTOS/tasks.o
                0x0000000008005510                xTaskGetSchedulerState
 .text.xTaskPriorityDisinherit
                0x0000000008005530       0x90 ./Middlewares/FreeRTOS/tasks.o
                0x0000000008005530                xTaskPriorityDisinherit
 .text.prvCheckForValidListAndQueue
                0x00000000080055c0       0x68 ./Middlewares/FreeRTOS/timers.o
 .text.prvInsertTimerInActiveList
                0x0000000008005628       0x3c ./Middlewares/FreeRTOS/timers.o
 .text.prvInitialiseNewTimer
                0x0000000008005664       0x50 ./Middlewares/FreeRTOS/timers.o
 .text.xTimerCreateTimerTask
                0x00000000080056b4       0x68 ./Middlewares/FreeRTOS/timers.o
                0x00000000080056b4                xTimerCreateTimerTask
 .text.xTimerCreate
                0x000000000800571c       0x34 ./Middlewares/FreeRTOS/timers.o
                0x000000000800571c                xTimerCreate
 .text.xTimerCreateStatic
                0x0000000008005750       0x56 ./Middlewares/FreeRTOS/timers.o
                0x0000000008005750                xTimerCreateStatic
 *fill*         0x00000000080057a6        0x2 
 .text.xTimerGenericCommand
                0x00000000080057a8       0x58 ./Middlewares/FreeRTOS/timers.o
                0x00000000080057a8                xTimerGenericCommand
 .text.prvSampleTimeNow
                0x0000000008005800       0xb0 ./Middlewares/FreeRTOS/timers.o
 .text.prvTimerTask
                0x00000000080058b0      0x1d8 ./Middlewares/FreeRTOS/timers.o
 .text.pvTimerGetTimerID
                0x0000000008005a88       0x2e ./Middlewares/FreeRTOS/timers.o
                0x0000000008005a88                pvTimerGetTimerID
 *fill*         0x0000000008005ab6        0x2 
 .text.__errno  0x0000000008005ab8        0xc c:/st/stm32cubeide_1.12.1/stm32cubeide/plugins/com.st.stm32cube.ide.mcu.externaltools.gnu-tools-for-stm32.10.3-2021.10.win32_1.0.200.202301161003/tools/bin/../lib/gcc/arm-none-eabi/10.3.1/../../../../arm-none-eabi/lib/thumb/v7e-m+fp/hard\libc_nano.a(lib_a-errno.o)
                0x0000000008005ab8                __errno
 .text.std      0x0000000008005ac4       0x48 c:/st/stm32cubeide_1.12.1/stm32cubeide/plugins/com.st.stm32cube.ide.mcu.externaltools.gnu-tools-for-stm32.10.3-2021.10.win32_1.0.200.202301161003/tools/bin/../lib/gcc/arm-none-eabi/10.3.1/../../../../arm-none-eabi/lib/thumb/v7e-m+fp/hard\libc_nano.a(lib_a-findfp.o)
 .text._cleanup_r
                0x0000000008005b0c        0xc c:/st/stm32cubeide_1.12.1/stm32cubeide/plugins/com.st.stm32cube.ide.mcu.externaltools.gnu-tools-for-stm32.10.3-2021.10.win32_1.0.200.202301161003/tools/bin/../lib/gcc/arm-none-eabi/10.3.1/../../../../arm-none-eabi/lib/thumb/v7e-m+fp/hard\libc_nano.a(lib_a-findfp.o)
                0x0000000008005b0c                _cleanup_r
 .text.__sfmoreglue
                0x0000000008005b18       0x2c c:/st/stm32cubeide_1.12.1/stm32cubeide/plugins/com.st.stm32cube.ide.mcu.externaltools.gnu-tools-for-stm32.10.3-2021.10.win32_1.0.200.202301161003/tools/bin/../lib/gcc/arm-none-eabi/10.3.1/../../../../arm-none-eabi/lib/thumb/v7e-m+fp/hard\libc_nano.a(lib_a-findfp.o)
                0x0000000008005b18                __sfmoreglue
 .text.__sfp_lock_acquire
                0x0000000008005b44        0xc c:/st/stm32cubeide_1.12.1/stm32cubeide/plugins/com.st.stm32cube.ide.mcu.externaltools.gnu-tools-for-stm32.10.3-2021.10.win32_1.0.200.202301161003/tools/bin/../lib/gcc/arm-none-eabi/10.3.1/../../../../arm-none-eabi/lib/thumb/v7e-m+fp/hard\libc_nano.a(lib_a-findfp.o)
                0x0000000008005b44                __sfp_lock_acquire
 .text.__sfp_lock_release
                0x0000000008005b50        0xc c:/st/stm32cubeide_1.12.1/stm32cubeide/plugins/com.st.stm32cube.ide.mcu.externaltools.gnu-tools-for-stm32.10.3-2021.10.win32_1.0.200.202301161003/tools/bin/../lib/gcc/arm-none-eabi/10.3.1/../../../../arm-none-eabi/lib/thumb/v7e-m+fp/hard\libc_nano.a(lib_a-findfp.o)
                0x0000000008005b50                __sfp_lock_release
 .text.__sinit_lock_acquire
                0x0000000008005b5c        0xc c:/st/stm32cubeide_1.12.1/stm32cubeide/plugins/com.st.stm32cube.ide.mcu.externaltools.gnu-tools-for-stm32.10.3-2021.10.win32_1.0.200.202301161003/tools/bin/../lib/gcc/arm-none-eabi/10.3.1/../../../../arm-none-eabi/lib/thumb/v7e-m+fp/hard\libc_nano.a(lib_a-findfp.o)
                0x0000000008005b5c                __sinit_lock_acquire
 .text.__sinit_lock_release
                0x0000000008005b68        0xc c:/st/stm32cubeide_1.12.1/stm32cubeide/plugins/com.st.stm32cube.ide.mcu.externaltools.gnu-tools-for-stm32.10.3-2021.10.win32_1.0.200.202301161003/tools/bin/../lib/gcc/arm-none-eabi/10.3.1/../../../../arm-none-eabi/lib/thumb/v7e-m+fp/hard\libc_nano.a(lib_a-findfp.o)
                0x0000000008005b68                __sinit_lock_release
 .text.__sinit  0x0000000008005b74       0x70 c:/st/stm32cubeide_1.12.1/stm32cubeide/plugins/com.st.stm32cube.ide.mcu.externaltools.gnu-tools-for-stm32.10.3-2021.10.win32_1.0.200.202301161003/tools/bin/../lib/gcc/arm-none-eabi/10.3.1/../../../../arm-none-eabi/lib/thumb/v7e-m+fp/hard\libc_nano.a(lib_a-findfp.o)
                0x0000000008005b74                __sinit
 .text.__sfp    0x0000000008005be4       0x8c c:/st/stm32cubeide_1.12.1/stm32cubeide/plugins/com.st.stm32cube.ide.mcu.externaltools.gnu-tools-for-stm32.10.3-2021.10.win32_1.0.200.202301161003/tools/bin/../lib/gcc/arm-none-eabi/10.3.1/../../../../arm-none-eabi/lib/thumb/v7e-m+fp/hard\libc_nano.a(lib_a-findfp.o)
                0x0000000008005be4                __sfp
 .text._fwalk_reent
                0x0000000008005c70       0x3e c:/st/stm32cubeide_1.12.1/stm32cubeide/plugins/com.st.stm32cube.ide.mcu.externaltools.gnu-tools-for-stm32.10.3-2021.10.win32_1.0.200.202301161003/tools/bin/../lib/gcc/arm-none-eabi/10.3.1/../../../../arm-none-eabi/lib/thumb/v7e-m+fp/hard\libc_nano.a(lib_a-fwalk.o)
                0x0000000008005c70                _fwalk_reent
 *fill*         0x0000000008005cae        0x2 
 .text.__libc_init_array
                0x0000000008005cb0       0x48 c:/st/stm32cubeide_1.12.1/stm32cubeide/plugins/com.st.stm32cube.ide.mcu.externaltools.gnu-tools-for-stm32.10.3-2021.10.win32_1.0.200.202301161003/tools/bin/../lib/gcc/arm-none-eabi/10.3.1/../../../../arm-none-eabi/lib/thumb/v7e-m+fp/hard\libc_nano.a(lib_a-init.o)
                0x0000000008005cb0                __libc_init_array
 .text.__retarget_lock_init_recursive
                0x0000000008005cf8        0x2 c:/st/stm32cubeide_1.12.1/stm32cubeide/plugins/com.st.stm32cube.ide.mcu.externaltools.gnu-tools-for-stm32.10.3-2021.10.win32_1.0.200.202301161003/tools/bin/../lib/gcc/arm-none-eabi/10.3.1/../../../../arm-none-eabi/lib/thumb/v7e-m+fp/hard\libc_nano.a(lib_a-lock.o)
                0x0000000008005cf8                __retarget_lock_init_recursive
 .text.__retarget_lock_acquire_recursive
                0x0000000008005cfa        0x2 c:/st/stm32cubeide_1.12.1/stm32cubeide/plugins/com.st.stm32cube.ide.mcu.externaltools.gnu-tools-for-stm32.10.3-2021.10.win32_1.0.200.202301161003/tools/bin/../lib/gcc/arm-none-eabi/10.3.1/../../../../arm-none-eabi/lib/thumb/v7e-m+fp/hard\libc_nano.a(lib_a-lock.o)
                0x0000000008005cfa                __retarget_lock_acquire_recursive
 .text.__retarget_lock_release_recursive
                0x0000000008005cfc        0x2 c:/st/stm32cubeide_1.12.1/stm32cubeide/plugins/com.st.stm32cube.ide.mcu.externaltools.gnu-tools-for-stm32.10.3-2021.10.win32_1.0.200.202301161003/tools/bin/../lib/gcc/arm-none-eabi/10.3.1/../../../../arm-none-eabi/lib/thumb/v7e-m+fp/hard\libc_nano.a(lib_a-lock.o)
                0x0000000008005cfc                __retarget_lock_release_recursive
 .text.memcpy   0x0000000008005cfe       0x1c c:/st/stm32cubeide_1.12.1/stm32cubeide/plugins/com.st.stm32cube.ide.mcu.externaltools.gnu-tools-for-stm32.10.3-2021.10.win32_1.0.200.202301161003/tools/bin/../lib/gcc/arm-none-eabi/10.3.1/../../../../arm-none-eabi/lib/thumb/v7e-m+fp/hard\libc_nano.a(lib_a-memcpy-stub.o)
                0x0000000008005cfe                memcpy
 .text.memset   0x0000000008005d1a       0x10 c:/st/stm32cubeide_1.12.1/stm32cubeide/plugins/com.st.stm32cube.ide.mcu.externaltools.gnu-tools-for-stm32.10.3-2021.10.win32_1.0.200.202301161003/tools/bin/../lib/gcc/arm-none-eabi/10.3.1/../../../../arm-none-eabi/lib/thumb/v7e-m+fp/hard\libc_nano.a(lib_a-memset.o)
                0x0000000008005d1a                memset
 *fill*         0x0000000008005d2a        0x2 
 .text.sbrk_aligned
                0x0000000008005d2c       0x40 c:/st/stm32cubeide_1.12.1/stm32cubeide/plugins/com.st.stm32cube.ide.mcu.externaltools.gnu-tools-for-stm32.10.3-2021.10.win32_1.0.200.202301161003/tools/bin/../lib/gcc/arm-none-eabi/10.3.1/../../../../arm-none-eabi/lib/thumb/v7e-m+fp/hard\libc_nano.a(lib_a-nano-mallocr.o)
 .text._malloc_r
                0x0000000008005d6c       0xe8 c:/st/stm32cubeide_1.12.1/stm32cubeide/plugins/com.st.stm32cube.ide.mcu.externaltools.gnu-tools-for-stm32.10.3-2021.10.win32_1.0.200.202301161003/tools/bin/../lib/gcc/arm-none-eabi/10.3.1/../../../../arm-none-eabi/lib/thumb/v7e-m+fp/hard\libc_nano.a(lib_a-nano-mallocr.o)
                0x0000000008005d6c                _malloc_r
 .text.cleanup_glue
                0x0000000008005e54       0x1a c:/st/stm32cubeide_1.12.1/stm32cubeide/plugins/com.st.stm32cube.ide.mcu.externaltools.gnu-tools-for-stm32.10.3-2021.10.win32_1.0.200.202301161003/tools/bin/../lib/gcc/arm-none-eabi/10.3.1/../../../../arm-none-eabi/lib/thumb/v7e-m+fp/hard\libc_nano.a(lib_a-reent.o)
                0x0000000008005e54                cleanup_glue
 *fill*         0x0000000008005e6e        0x2 
 .text._reclaim_reent
                0x0000000008005e70       0xb8 c:/st/stm32cubeide_1.12.1/stm32cubeide/plugins/com.st.stm32cube.ide.mcu.externaltools.gnu-tools-for-stm32.10.3-2021.10.win32_1.0.200.202301161003/tools/bin/../lib/gcc/arm-none-eabi/10.3.1/../../../../arm-none-eabi/lib/thumb/v7e-m+fp/hard\libc_nano.a(lib_a-reent.o)
                0x0000000008005e70                _reclaim_reent
 .text._sbrk_r  0x0000000008005f28       0x20 c:/st/stm32cubeide_1.12.1/stm32cubeide/plugins/com.st.stm32cube.ide.mcu.externaltools.gnu-tools-for-stm32.10.3-2021.10.win32_1.0.200.202301161003/tools/bin/../lib/gcc/arm-none-eabi/10.3.1/../../../../arm-none-eabi/lib/thumb/v7e-m+fp/hard\libc_nano.a(lib_a-sbrkr.o)
                0x0000000008005f28                _sbrk_r
 .text.sprintf  0x0000000008005f48       0x40 c:/st/stm32cubeide_1.12.1/stm32cubeide/plugins/com.st.stm32cube.ide.mcu.externaltools.gnu-tools-for-stm32.10.3-2021.10.win32_1.0.200.202301161003/tools/bin/../lib/gcc/arm-none-eabi/10.3.1/../../../../arm-none-eabi/lib/thumb/v7e-m+fp/hard\libc_nano.a(lib_a-sprintf.o)
                0x0000000008005f48                siprintf
                0x0000000008005f48                sprintf
 .text.__sread  0x0000000008005f88       0x22 c:/st/stm32cubeide_1.12.1/stm32cubeide/plugins/com.st.stm32cube.ide.mcu.externaltools.gnu-tools-for-stm32.10.3-2021.10.win32_1.0.200.202301161003/tools/bin/../lib/gcc/arm-none-eabi/10.3.1/../../../../arm-none-eabi/lib/thumb/v7e-m+fp/hard\libc_nano.a(lib_a-stdio.o)
                0x0000000008005f88                __sread
 .text.__swrite
                0x0000000008005faa       0x38 c:/st/stm32cubeide_1.12.1/stm32cubeide/plugins/com.st.stm32cube.ide.mcu.externaltools.gnu-tools-for-stm32.10.3-2021.10.win32_1.0.200.202301161003/tools/bin/../lib/gcc/arm-none-eabi/10.3.1/../../../../arm-none-eabi/lib/thumb/v7e-m+fp/hard\libc_nano.a(lib_a-stdio.o)
                0x0000000008005faa                __swrite
 .text.__sseek  0x0000000008005fe2       0x24 c:/st/stm32cubeide_1.12.1/stm32cubeide/plugins/com.st.stm32cube.ide.mcu.externaltools.gnu-tools-for-stm32.10.3-2021.10.win32_1.0.200.202301161003/tools/bin/../lib/gcc/arm-none-eabi/10.3.1/../../../../arm-none-eabi/lib/thumb/v7e-m+fp/hard\libc_nano.a(lib_a-stdio.o)
                0x0000000008005fe2                __sseek
 .text.__sclose
                0x0000000008006006        0x8 c:/st/stm32cubeide_1.12.1/stm32cubeide/plugins/com.st.stm32cube.ide.mcu.externaltools.gnu-tools-for-stm32.10.3-2021.10.win32_1.0.200.202301161003/tools/bin/../lib/gcc/arm-none-eabi/10.3.1/../../../../arm-none-eabi/lib/thumb/v7e-m+fp/hard\libc_nano.a(lib_a-stdio.o)
                0x0000000008006006                __sclose
 *fill*         0x000000000800600e        0x2 
 .text.strtok   0x0000000008006010       0x68 c:/st/stm32cubeide_1.12.1/stm32cubeide/plugins/com.st.stm32cube.ide.mcu.externaltools.gnu-tools-for-stm32.10.3-2021.10.win32_1.0.200.202301161003/tools/bin/../lib/gcc/arm-none-eabi/10.3.1/../../../../arm-none-eabi/lib/thumb/v7e-m+fp/hard\libc_nano.a(lib_a-strtok.o)
                0x0000000008006010                strtok
 .text.__strtok_r
                0x0000000008006078       0x50 c:/st/stm32cubeide_1.12.1/stm32cubeide/plugins/com.st.stm32cube.ide.mcu.externaltools.gnu-tools-for-stm32.10.3-2021.10.win32_1.0.200.202301161003/tools/bin/../lib/gcc/arm-none-eabi/10.3.1/../../../../arm-none-eabi/lib/thumb/v7e-m+fp/hard\libc_nano.a(lib_a-strtok_r.o)
                0x0000000008006078                __strtok_r
 .text._write_r
                0x00000000080060c8       0x24 c:/st/stm32cubeide_1.12.1/stm32cubeide/plugins/com.st.stm32cube.ide.mcu.externaltools.gnu-tools-for-stm32.10.3-2021.10.win32_1.0.200.202301161003/tools/bin/../lib/gcc/arm-none-eabi/10.3.1/../../../../arm-none-eabi/lib/thumb/v7e-m+fp/hard\libc_nano.a(lib_a-writer.o)
                0x00000000080060c8                _write_r
 .text.__assert_func
                0x00000000080060ec       0x3c c:/st/stm32cubeide_1.12.1/stm32cubeide/plugins/com.st.stm32cube.ide.mcu.externaltools.gnu-tools-for-stm32.10.3-2021.10.win32_1.0.200.202301161003/tools/bin/../lib/gcc/arm-none-eabi/10.3.1/../../../../arm-none-eabi/lib/thumb/v7e-m+fp/hard\libc_nano.a(lib_a-assert.o)
                0x00000000080060ec                __assert_func
 .text._close_r
                0x0000000008006128       0x20 c:/st/stm32cubeide_1.12.1/stm32cubeide/plugins/com.st.stm32cube.ide.mcu.externaltools.gnu-tools-for-stm32.10.3-2021.10.win32_1.0.200.202301161003/tools/bin/../lib/gcc/arm-none-eabi/10.3.1/../../../../arm-none-eabi/lib/thumb/v7e-m+fp/hard\libc_nano.a(lib_a-closer.o)
                0x0000000008006128                _close_r
 .text.__sflush_r
                0x0000000008006148      0x10c c:/st/stm32cubeide_1.12.1/stm32cubeide/plugins/com.st.stm32cube.ide.mcu.externaltools.gnu-tools-for-stm32.10.3-2021.10.win32_1.0.200.202301161003/tools/bin/../lib/gcc/arm-none-eabi/10.3.1/../../../../arm-none-eabi/lib/thumb/v7e-m+fp/hard\libc_nano.a(lib_a-fflush.o)
                0x0000000008006148                __sflush_r
 .text._fflush_r
                0x0000000008006254       0x78 c:/st/stm32cubeide_1.12.1/stm32cubeide/plugins/com.st.stm32cube.ide.mcu.externaltools.gnu-tools-for-stm32.10.3-2021.10.win32_1.0.200.202301161003/tools/bin/../lib/gcc/arm-none-eabi/10.3.1/../../../../arm-none-eabi/lib/thumb/v7e-m+fp/hard\libc_nano.a(lib_a-fflush.o)
                0x0000000008006254                _fflush_r
 .text.fprintf  0x00000000080062cc       0x24 c:/st/stm32cubeide_1.12.1/stm32cubeide/plugins/com.st.stm32cube.ide.mcu.externaltools.gnu-tools-for-stm32.10.3-2021.10.win32_1.0.200.202301161003/tools/bin/../lib/gcc/arm-none-eabi/10.3.1/../../../../arm-none-eabi/lib/thumb/v7e-m+fp/hard\libc_nano.a(lib_a-fprintf.o)
                0x00000000080062cc                fiprintf
                0x00000000080062cc                fprintf
 .text._lseek_r
                0x00000000080062f0       0x24 c:/st/stm32cubeide_1.12.1/stm32cubeide/plugins/com.st.stm32cube.ide.mcu.externaltools.gnu-tools-for-stm32.10.3-2021.10.win32_1.0.200.202301161003/tools/bin/../lib/gcc/arm-none-eabi/10.3.1/../../../../arm-none-eabi/lib/thumb/v7e-m+fp/hard\libc_nano.a(lib_a-lseekr.o)
                0x00000000080062f0                _lseek_r
 .text.malloc   0x0000000008006314       0x10 c:/st/stm32cubeide_1.12.1/stm32cubeide/plugins/com.st.stm32cube.ide.mcu.externaltools.gnu-tools-for-stm32.10.3-2021.10.win32_1.0.200.202301161003/tools/bin/../lib/gcc/arm-none-eabi/10.3.1/../../../../arm-none-eabi/lib/thumb/v7e-m+fp/hard\libc_nano.a(lib_a-malloc.o)
                0x0000000008006314                malloc
 .text.__malloc_lock
                0x0000000008006324        0xc c:/st/stm32cubeide_1.12.1/stm32cubeide/plugins/com.st.stm32cube.ide.mcu.externaltools.gnu-tools-for-stm32.10.3-2021.10.win32_1.0.200.202301161003/tools/bin/../lib/gcc/arm-none-eabi/10.3.1/../../../../arm-none-eabi/lib/thumb/v7e-m+fp/hard\libc_nano.a(lib_a-mlock.o)
                0x0000000008006324                __malloc_lock
 .text.__malloc_unlock
                0x0000000008006330        0xc c:/st/stm32cubeide_1.12.1/stm32cubeide/plugins/com.st.stm32cube.ide.mcu.externaltools.gnu-tools-for-stm32.10.3-2021.10.win32_1.0.200.202301161003/tools/bin/../lib/gcc/arm-none-eabi/10.3.1/../../../../arm-none-eabi/lib/thumb/v7e-m+fp/hard\libc_nano.a(lib_a-mlock.o)
                0x0000000008006330                __malloc_unlock
 .text._free_r  0x000000000800633c       0x98 c:/st/stm32cubeide_1.12.1/stm32cubeide/plugins/com.st.stm32cube.ide.mcu.externaltools.gnu-tools-for-stm32.10.3-2021.10.win32_1.0.200.202301161003/tools/bin/../lib/gcc/arm-none-eabi/10.3.1/../../../../arm-none-eabi/lib/thumb/v7e-m+fp/hard\libc_nano.a(lib_a-nano-freer.o)
                0x000000000800633c                _free_r
 .text.__ssputs_r
                0x00000000080063d4       0xb6 c:/st/stm32cubeide_1.12.1/stm32cubeide/plugins/com.st.stm32cube.ide.mcu.externaltools.gnu-tools-for-stm32.10.3-2021.10.win32_1.0.200.202301161003/tools/bin/../lib/gcc/arm-none-eabi/10.3.1/../../../../arm-none-eabi/lib/thumb/v7e-m+fp/hard\libc_nano.a(lib_a-nano-svfprintf.o)
                0x00000000080063d4                __ssputs_r
 *fill*         0x000000000800648a        0x2 
 .text._svfprintf_r
                0x000000000800648c      0x200 c:/st/stm32cubeide_1.12.1/stm32cubeide/plugins/com.st.stm32cube.ide.mcu.externaltools.gnu-tools-for-stm32.10.3-2021.10.win32_1.0.200.202301161003/tools/bin/../lib/gcc/arm-none-eabi/10.3.1/../../../../arm-none-eabi/lib/thumb/v7e-m+fp/hard\libc_nano.a(lib_a-nano-svfprintf.o)
                0x000000000800648c                _svfiprintf_r
                0x000000000800648c                _svfprintf_r
 .text.__sfputc_r
                0x000000000800668c       0x2e c:/st/stm32cubeide_1.12.1/stm32cubeide/plugins/com.st.stm32cube.ide.mcu.externaltools.gnu-tools-for-stm32.10.3-2021.10.win32_1.0.200.202301161003/tools/bin/../lib/gcc/arm-none-eabi/10.3.1/../../../../arm-none-eabi/lib/thumb/v7e-m+fp/hard\libc_nano.a(lib_a-nano-vfprintf.o)
 .text.__sfputs_r
                0x00000000080066ba       0x24 c:/st/stm32cubeide_1.12.1/stm32cubeide/plugins/com.st.stm32cube.ide.mcu.externaltools.gnu-tools-for-stm32.10.3-2021.10.win32_1.0.200.202301161003/tools/bin/../lib/gcc/arm-none-eabi/10.3.1/../../../../arm-none-eabi/lib/thumb/v7e-m+fp/hard\libc_nano.a(lib_a-nano-vfprintf.o)
                0x00000000080066ba                __sfputs_r
 *fill*         0x00000000080066de        0x2 
 .text._vfprintf_r
                0x00000000080066e0      0x260 c:/st/stm32cubeide_1.12.1/stm32cubeide/plugins/com.st.stm32cube.ide.mcu.externaltools.gnu-tools-for-stm32.10.3-2021.10.win32_1.0.200.202301161003/tools/bin/../lib/gcc/arm-none-eabi/10.3.1/../../../../arm-none-eabi/lib/thumb/v7e-m+fp/hard\libc_nano.a(lib_a-nano-vfprintf.o)
                0x00000000080066e0                _vfprintf_r
                0x00000000080066e0                _vfiprintf_r
 .text._printf_common
                0x0000000008006940       0xda c:/st/stm32cubeide_1.12.1/stm32cubeide/plugins/com.st.stm32cube.ide.mcu.externaltools.gnu-tools-for-stm32.10.3-2021.10.win32_1.0.200.202301161003/tools/bin/../lib/gcc/arm-none-eabi/10.3.1/../../../../arm-none-eabi/lib/thumb/v7e-m+fp/hard\libc_nano.a(lib_a-nano-vfprintf_i.o)
                0x0000000008006940                _printf_common
 *fill*         0x0000000008006a1a        0x2 
 .text._printf_i
                0x0000000008006a1c      0x24c c:/st/stm32cubeide_1.12.1/stm32cubeide/plugins/com.st.stm32cube.ide.mcu.externaltools.gnu-tools-for-stm32.10.3-2021.10.win32_1.0.200.202301161003/tools/bin/../lib/gcc/arm-none-eabi/10.3.1/../../../../arm-none-eabi/lib/thumb/v7e-m+fp/hard\libc_nano.a(lib_a-nano-vfprintf_i.o)
                0x0000000008006a1c                _printf_i
 .text._read_r  0x0000000008006c68       0x24 c:/st/stm32cubeide_1.12.1/stm32cubeide/plugins/com.st.stm32cube.ide.mcu.externaltools.gnu-tools-for-stm32.10.3-2021.10.win32_1.0.200.202301161003/tools/bin/../lib/gcc/arm-none-eabi/10.3.1/../../../../arm-none-eabi/lib/thumb/v7e-m+fp/hard\libc_nano.a(lib_a-readr.o)
                0x0000000008006c68                _read_r
 .text.__swbuf_r
                0x0000000008006c8c       0xa4 c:/st/stm32cubeide_1.12.1/stm32cubeide/plugins/com.st.stm32cube.ide.mcu.externaltools.gnu-tools-for-stm32.10.3-2021.10.win32_1.0.200.202301161003/tools/bin/../lib/gcc/arm-none-eabi/10.3.1/../../../../arm-none-eabi/lib/thumb/v7e-m+fp/hard\libc_nano.a(lib_a-wbuf.o)
                0x0000000008006c8c                __swbuf_r
 .text.__swsetup_r
                0x0000000008006d30       0xdc c:/st/stm32cubeide_1.12.1/stm32cubeide/plugins/com.st.stm32cube.ide.mcu.externaltools.gnu-tools-for-stm32.10.3-2021.10.win32_1.0.200.202301161003/tools/bin/../lib/gcc/arm-none-eabi/10.3.1/../../../../arm-none-eabi/lib/thumb/v7e-m+fp/hard\libc_nano.a(lib_a-wsetup.o)
                0x0000000008006d30                __swsetup_r
 .text.abort    0x0000000008006e0c        0xe c:/st/stm32cubeide_1.12.1/stm32cubeide/plugins/com.st.stm32cube.ide.mcu.externaltools.gnu-tools-for-stm32.10.3-2021.10.win32_1.0.200.202301161003/tools/bin/../lib/gcc/arm-none-eabi/10.3.1/../../../../arm-none-eabi/lib/thumb/v7e-m+fp/hard\libc_nano.a(lib_a-abort.o)
                0x0000000008006e0c                abort
 .text.__swhatbuf_r
                0x0000000008006e1a       0x4a c:/st/stm32cubeide_1.12.1/stm32cubeide/plugins/com.st.stm32cube.ide.mcu.externaltools.gnu-tools-for-stm32.10.3-2021.10.win32_1.0.200.202301161003/tools/bin/../lib/gcc/arm-none-eabi/10.3.1/../../../../arm-none-eabi/lib/thumb/v7e-m+fp/hard\libc_nano.a(lib_a-makebuf.o)
                0x0000000008006e1a                __swhatbuf_r
 .text.__smakebuf_r
                0x0000000008006e64       0x80 c:/st/stm32cubeide_1.12.1/stm32cubeide/plugins/com.st.stm32cube.ide.mcu.externaltools.gnu-tools-for-stm32.10.3-2021.10.win32_1.0.200.202301161003/tools/bin/../lib/gcc/arm-none-eabi/10.3.1/../../../../arm-none-eabi/lib/thumb/v7e-m+fp/hard\libc_nano.a(lib_a-makebuf.o)
                0x0000000008006e64                __smakebuf_r
 .text.memmove  0x0000000008006ee4       0x34 c:/st/stm32cubeide_1.12.1/stm32cubeide/plugins/com.st.stm32cube.ide.mcu.externaltools.gnu-tools-for-stm32.10.3-2021.10.win32_1.0.200.202301161003/tools/bin/../lib/gcc/arm-none-eabi/10.3.1/../../../../arm-none-eabi/lib/thumb/v7e-m+fp/hard\libc_nano.a(lib_a-memmove.o)
                0x0000000008006ee4                memmove
 .text._realloc_r
                0x0000000008006f18       0x5e c:/st/stm32cubeide_1.12.1/stm32cubeide/plugins/com.st.stm32cube.ide.mcu.externaltools.gnu-tools-for-stm32.10.3-2021.10.win32_1.0.200.202301161003/tools/bin/../lib/gcc/arm-none-eabi/10.3.1/../../../../arm-none-eabi/lib/thumb/v7e-m+fp/hard\libc_nano.a(lib_a-nano-reallocr.o)
                0x0000000008006f18                _realloc_r
 .text._raise_r
                0x0000000008006f76       0x50 c:/st/stm32cubeide_1.12.1/stm32cubeide/plugins/com.st.stm32cube.ide.mcu.externaltools.gnu-tools-for-stm32.10.3-2021.10.win32_1.0.200.202301161003/tools/bin/../lib/gcc/arm-none-eabi/10.3.1/../../../../arm-none-eabi/lib/thumb/v7e-m+fp/hard\libc_nano.a(lib_a-signal.o)
                0x0000000008006f76                _raise_r
 *fill*         0x0000000008006fc6        0x2 
 .text.raise    0x0000000008006fc8       0x10 c:/st/stm32cubeide_1.12.1/stm32cubeide/plugins/com.st.stm32cube.ide.mcu.externaltools.gnu-tools-for-stm32.10.3-2021.10.win32_1.0.200.202301161003/tools/bin/../lib/gcc/arm-none-eabi/10.3.1/../../../../arm-none-eabi/lib/thumb/v7e-m+fp/hard\libc_nano.a(lib_a-signal.o)
                0x0000000008006fc8                raise
 .text._kill_r  0x0000000008006fd8       0x24 c:/st/stm32cubeide_1.12.1/stm32cubeide/plugins/com.st.stm32cube.ide.mcu.externaltools.gnu-tools-for-stm32.10.3-2021.10.win32_1.0.200.202301161003/tools/bin/../lib/gcc/arm-none-eabi/10.3.1/../../../../arm-none-eabi/lib/thumb/v7e-m+fp/hard\libc_nano.a(lib_a-signalr.o)
                0x0000000008006fd8                _kill_r
 .text._getpid_r
                0x0000000008006ffc        0x4 c:/st/stm32cubeide_1.12.1/stm32cubeide/plugins/com.st.stm32cube.ide.mcu.externaltools.gnu-tools-for-stm32.10.3-2021.10.win32_1.0.200.202301161003/tools/bin/../lib/gcc/arm-none-eabi/10.3.1/../../../../arm-none-eabi/lib/thumb/v7e-m+fp/hard\libc_nano.a(lib_a-signalr.o)
                0x0000000008006ffc                _getpid_r
 .text._fstat_r
                0x0000000008007000       0x24 c:/st/stm32cubeide_1.12.1/stm32cubeide/plugins/com.st.stm32cube.ide.mcu.externaltools.gnu-tools-for-stm32.10.3-2021.10.win32_1.0.200.202301161003/tools/bin/../lib/gcc/arm-none-eabi/10.3.1/../../../../arm-none-eabi/lib/thumb/v7e-m+fp/hard\libc_nano.a(lib_a-fstatr.o)
                0x0000000008007000                _fstat_r
 .text._isatty_r
                0x0000000008007024       0x20 c:/st/stm32cubeide_1.12.1/stm32cubeide/plugins/com.st.stm32cube.ide.mcu.externaltools.gnu-tools-for-stm32.10.3-2021.10.win32_1.0.200.202301161003/tools/bin/../lib/gcc/arm-none-eabi/10.3.1/../../../../arm-none-eabi/lib/thumb/v7e-m+fp/hard\libc_nano.a(lib_a-isattyr.o)
                0x0000000008007024                _isatty_r
 .text._malloc_usable_size_r
                0x0000000008007044       0x10 c:/st/stm32cubeide_1.12.1/stm32cubeide/plugins/com.st.stm32cube.ide.mcu.externaltools.gnu-tools-for-stm32.10.3-2021.10.win32_1.0.200.202301161003/tools/bin/../lib/gcc/arm-none-eabi/10.3.1/../../../../arm-none-eabi/lib/thumb/v7e-m+fp/hard\libc_nano.a(lib_a-nano-msizer.o)
                0x0000000008007044                _malloc_usable_size_r
 *(.glue_7)
 .glue_7        0x0000000008007054        0x0 linker stubs
 *(.glue_7t)
 .glue_7t       0x0000000008007054        0x0 linker stubs
 *(.eh_frame)
 .eh_frame      0x0000000008007054        0x0 c:/st/stm32cubeide_1.12.1/stm32cubeide/plugins/com.st.stm32cube.ide.mcu.externaltools.gnu-tools-for-stm32.10.3-2021.10.win32_1.0.200.202301161003/tools/bin/../lib/gcc/arm-none-eabi/10.3.1/thumb/v7e-m+fp/hard/crtbegin.o
 *(.init)
 .init          0x0000000008007054        0x4 c:/st/stm32cubeide_1.12.1/stm32cubeide/plugins/com.st.stm32cube.ide.mcu.externaltools.gnu-tools-for-stm32.10.3-2021.10.win32_1.0.200.202301161003/tools/bin/../lib/gcc/arm-none-eabi/10.3.1/thumb/v7e-m+fp/hard/crti.o
                0x0000000008007054                _init
 .init          0x0000000008007058        0x8 c:/st/stm32cubeide_1.12.1/stm32cubeide/plugins/com.st.stm32cube.ide.mcu.externaltools.gnu-tools-for-stm32.10.3-2021.10.win32_1.0.200.202301161003/tools/bin/../lib/gcc/arm-none-eabi/10.3.1/thumb/v7e-m+fp/hard/crtn.o
 *(.fini)
 .fini          0x0000000008007060        0x4 c:/st/stm32cubeide_1.12.1/stm32cubeide/plugins/com.st.stm32cube.ide.mcu.externaltools.gnu-tools-for-stm32.10.3-2021.10.win32_1.0.200.202301161003/tools/bin/../lib/gcc/arm-none-eabi/10.3.1/thumb/v7e-m+fp/hard/crti.o
                0x0000000008007060                _fini
 .fini          0x0000000008007064        0x8 c:/st/stm32cubeide_1.12.1/stm32cubeide/plugins/com.st.stm32cube.ide.mcu.externaltools.gnu-tools-for-stm32.10.3-2021.10.win32_1.0.200.202301161003/tools/bin/../lib/gcc/arm-none-eabi/10.3.1/thumb/v7e-m+fp/hard/crtn.o
                0x000000000800706c                . = ALIGN (0x4)
                0x000000000800706c                _etext = .

.vfp11_veneer   0x000000000800706c        0x0
 .vfp11_veneer  0x000000000800706c        0x0 linker stubs

.v4_bx          0x000000000800706c        0x0
 .v4_bx         0x000000000800706c        0x0 linker stubs

.iplt           0x000000000800706c        0x0
 .iplt          0x000000000800706c        0x0 c:/st/stm32cubeide_1.12.1/stm32cubeide/plugins/com.st.stm32cube.ide.mcu.externaltools.gnu-tools-for-stm32.10.3-2021.10.win32_1.0.200.202301161003/tools/bin/../lib/gcc/arm-none-eabi/10.3.1/thumb/v7e-m+fp/hard/crtbegin.o

.rodata         0x000000000800706c      0x4dc
                0x000000000800706c                . = ALIGN (0x4)
 *(.rodata)
 *(.rodata*)
 .rodata.get_recipe_from_classifier.str1.1
                0x000000000800706c       0x10 ./Core/Src/main.o
 .rodata.thread_CommandHanler.str1.1
                0x000000000800707c       0x35 ./Core/Src/main.o
 .rodata.f_print_console.str1.1
                0x00000000080070b1        0x9 ./Core/Src/main.o
 .rodata.f_RPI_watch.str1.1
                0x00000000080070ba       0x1a ./Core/Src/main.o
 .rodata.str1.1
                0x00000000080070d4       0xe4 ./Core/Src/main.o
 .rodata.CommandHandler_attributes
                0x00000000080071b8       0x24 ./Core/Src/main.o
                0x00000000080071b8                CommandHandler_attributes
 .rodata.DISCARD_queue_attributes
                0x00000000080071dc       0x18 ./Core/Src/main.o
                0x00000000080071dc                DISCARD_queue_attributes
 .rodata.FGS_queue_attributes
                0x00000000080071f4       0x18 ./Core/Src/main.o
                0x00000000080071f4                FGS_queue_attributes
 .rodata.KEYENCE_queue_attributes
                0x000000000800720c       0x18 ./Core/Src/main.o
                0x000000000800720c                KEYENCE_queue_attributes
 .rodata.RPI_queue_attributes
                0x0000000008007224       0x18 ./Core/Src/main.o
                0x0000000008007224                RPI_queue_attributes
 .rodata.classifierQueue_attributes
                0x000000000800723c       0x18 ./Core/Src/main.o
                0x000000000800723c                classifierQueue_attributes
 .rodata.commandsRxQueue_attributes
                0x0000000008007254       0x18 ./Core/Src/main.o
                0x0000000008007254                commandsRxQueue_attributes
 .rodata.message_debug_queue_attributes
                0x000000000800726c       0x18 ./Core/Src/main.o
                0x000000000800726c                message_debug_queue_attributes
 .rodata.orientationQueue_attributes
                0x0000000008007284       0x18 ./Core/Src/main.o
                0x0000000008007284                orientationQueue_attributes
 .rodata.str_ack
                0x000000000800729c        0x4 ./Core/Src/main.o
                0x000000000800729c                str_ack
 .rodata.str_delimiter_mssg
                0x00000000080072a0        0x2 ./Core/Src/main.o
                0x00000000080072a0                str_delimiter_mssg
 .rodata.str_echo
                0x00000000080072a2        0x5 ./Core/Src/main.o
                0x00000000080072a2                str_echo
 .rodata.str_end_mssg
                0x00000000080072a7        0x2 ./Core/Src/main.o
                0x00000000080072a7                str_end_mssg
 .rodata.str_error
                0x00000000080072a9        0x6 ./Core/Src/main.o
                0x00000000080072a9                str_error
 .rodata.str_n_r
                0x00000000080072af        0x3 ./Core/Src/main.o
                0x00000000080072af                str_n_r
 .rodata.str_start_mssg
                0x00000000080072b2        0x2 ./Core/Src/main.o
                0x00000000080072b2                str_start_mssg
 .rodata.str_success
                0x00000000080072b4        0x8 ./Core/Src/main.o
                0x00000000080072b4                str_success
 .rodata.t_FGS_wach_attributes
                0x00000000080072bc       0x24 ./Core/Src/main.o
                0x00000000080072bc                t_FGS_wach_attributes
 .rodata.t_KEYENCE_watch_attributes
                0x00000000080072e0       0x24 ./Core/Src/main.o
                0x00000000080072e0                t_KEYENCE_watch_attributes
 .rodata.t_RPI_watch_attributes
                0x0000000008007304       0x24 ./Core/Src/main.o
                0x0000000008007304                t_RPI_watch_attributes
 .rodata.t_SIM_conv_attributes
                0x0000000008007328       0x24 ./Core/Src/main.o
                0x0000000008007328                t_SIM_conv_attributes
 .rodata.t_debug_mssgs_attributes
                0x000000000800734c       0x24 ./Core/Src/main.o
                0x000000000800734c                t_debug_mssgs_attributes
 .rodata.t_print_console_attributes
                0x0000000008007370       0x24 ./Core/Src/main.o
                0x0000000008007370                t_print_console_attributes
 .rodata.timer_SIM_conv_attributes
                0x0000000008007394       0x10 ./Core/Src/main.o
                0x0000000008007394                timer_SIM_conv_attributes
 .rodata.timer_print_console_attributes
                0x00000000080073a4       0x10 ./Core/Src/main.o
                0x00000000080073a4                timer_print_console_attributes
 .rodata.timer_watch_queues_attributes
                0x00000000080073b4       0x10 ./Core/Src/main.o
                0x00000000080073b4                timer_watch_queues_attributes
 .rodata.AHBPrescTable
                0x00000000080073c4       0x10 ./Core/Src/system_stm32f7xx.o
                0x00000000080073c4                AHBPrescTable
 .rodata.APBPrescTable
                0x00000000080073d4        0x8 ./Core/Src/system_stm32f7xx.o
                0x00000000080073d4                APBPrescTable
 .rodata.CSWTCH.53
                0x00000000080073dc        0x3 ./Drivers/STM32F7xx_HAL_Driver/stm32f7xx_hal_uart.o
 .rodata.CSWTCH.54
                0x00000000080073df        0xd ./Drivers/STM32F7xx_HAL_Driver/stm32f7xx_hal_uart.o
 .rodata.vTaskStartScheduler.str1.1
                0x00000000080073ec        0x5 ./Middlewares/FreeRTOS/tasks.o
 .rodata.prvCheckForValidListAndQueue.str1.1
                0x00000000080073f1        0x5 ./Middlewares/FreeRTOS/timers.o
 .rodata.xTimerCreateTimerTask.str1.1
                0x00000000080073f6        0x8 ./Middlewares/FreeRTOS/timers.o
 *fill*         0x00000000080073fe        0x2 
 .rodata.__sf_fake_stderr
                0x0000000008007400       0x20 c:/st/stm32cubeide_1.12.1/stm32cubeide/plugins/com.st.stm32cube.ide.mcu.externaltools.gnu-tools-for-stm32.10.3-2021.10.win32_1.0.200.202301161003/tools/bin/../lib/gcc/arm-none-eabi/10.3.1/../../../../arm-none-eabi/lib/thumb/v7e-m+fp/hard\libc_nano.a(lib_a-findfp.o)
                0x0000000008007400                __sf_fake_stderr
 .rodata.__sf_fake_stdin
                0x0000000008007420       0x20 c:/st/stm32cubeide_1.12.1/stm32cubeide/plugins/com.st.stm32cube.ide.mcu.externaltools.gnu-tools-for-stm32.10.3-2021.10.win32_1.0.200.202301161003/tools/bin/../lib/gcc/arm-none-eabi/10.3.1/../../../../arm-none-eabi/lib/thumb/v7e-m+fp/hard\libc_nano.a(lib_a-findfp.o)
                0x0000000008007420                __sf_fake_stdin
 .rodata.__sf_fake_stdout
                0x0000000008007440       0x20 c:/st/stm32cubeide_1.12.1/stm32cubeide/plugins/com.st.stm32cube.ide.mcu.externaltools.gnu-tools-for-stm32.10.3-2021.10.win32_1.0.200.202301161003/tools/bin/../lib/gcc/arm-none-eabi/10.3.1/../../../../arm-none-eabi/lib/thumb/v7e-m+fp/hard\libc_nano.a(lib_a-findfp.o)
                0x0000000008007440                __sf_fake_stdout
 .rodata._global_impure_ptr
                0x0000000008007460        0x4 c:/st/stm32cubeide_1.12.1/stm32cubeide/plugins/com.st.stm32cube.ide.mcu.externaltools.gnu-tools-for-stm32.10.3-2021.10.win32_1.0.200.202301161003/tools/bin/../lib/gcc/arm-none-eabi/10.3.1/../../../../arm-none-eabi/lib/thumb/v7e-m+fp/hard\libc_nano.a(lib_a-impure.o)
                0x0000000008007460                _global_impure_ptr
 .rodata.strtok.str1.1
                0x0000000008007464       0x74 c:/st/stm32cubeide_1.12.1/stm32cubeide/plugins/com.st.stm32cube.ide.mcu.externaltools.gnu-tools-for-stm32.10.3-2021.10.win32_1.0.200.202301161003/tools/bin/../lib/gcc/arm-none-eabi/10.3.1/../../../../arm-none-eabi/lib/thumb/v7e-m+fp/hard\libc_nano.a(lib_a-strtok.o)
 .rodata.__assert_func.str1.1
                0x00000000080074d8       0x3c c:/st/stm32cubeide_1.12.1/stm32cubeide/plugins/com.st.stm32cube.ide.mcu.externaltools.gnu-tools-for-stm32.10.3-2021.10.win32_1.0.200.202301161003/tools/bin/../lib/gcc/arm-none-eabi/10.3.1/../../../../arm-none-eabi/lib/thumb/v7e-m+fp/hard\libc_nano.a(lib_a-assert.o)
                                         0x3d (size before relaxing)
 .rodata._svfprintf_r.str1.1
                0x0000000008007514       0x11 c:/st/stm32cubeide_1.12.1/stm32cubeide/plugins/com.st.stm32cube.ide.mcu.externaltools.gnu-tools-for-stm32.10.3-2021.10.win32_1.0.200.202301161003/tools/bin/../lib/gcc/arm-none-eabi/10.3.1/../../../../arm-none-eabi/lib/thumb/v7e-m+fp/hard\libc_nano.a(lib_a-nano-svfprintf.o)
 .rodata._vfprintf_r.str1.1
                0x0000000008007525       0x11 c:/st/stm32cubeide_1.12.1/stm32cubeide/plugins/com.st.stm32cube.ide.mcu.externaltools.gnu-tools-for-stm32.10.3-2021.10.win32_1.0.200.202301161003/tools/bin/../lib/gcc/arm-none-eabi/10.3.1/../../../../arm-none-eabi/lib/thumb/v7e-m+fp/hard\libc_nano.a(lib_a-nano-vfprintf.o)
 .rodata._printf_i.str1.1
                0x0000000008007525       0x22 c:/st/stm32cubeide_1.12.1/stm32cubeide/plugins/com.st.stm32cube.ide.mcu.externaltools.gnu-tools-for-stm32.10.3-2021.10.win32_1.0.200.202301161003/tools/bin/../lib/gcc/arm-none-eabi/10.3.1/../../../../arm-none-eabi/lib/thumb/v7e-m+fp/hard\libc_nano.a(lib_a-nano-vfprintf_i.o)
                0x0000000008007548                . = ALIGN (0x4)
 *fill*         0x0000000008007547        0x1 

.ARM.extab      0x0000000008007548        0x0
                0x0000000008007548                . = ALIGN (0x4)
 *(.ARM.extab* .gnu.linkonce.armextab.*)
                0x0000000008007548                . = ALIGN (0x4)

.ARM            0x0000000008007548        0x8
                0x0000000008007548                . = ALIGN (0x4)
                0x0000000008007548                __exidx_start = .
 *(.ARM.exidx*)
 .ARM.exidx     0x0000000008007548        0x8 c:/st/stm32cubeide_1.12.1/stm32cubeide/plugins/com.st.stm32cube.ide.mcu.externaltools.gnu-tools-for-stm32.10.3-2021.10.win32_1.0.200.202301161003/tools/bin/../lib/gcc/arm-none-eabi/10.3.1/thumb/v7e-m+fp/hard\libgcc.a(_udivmoddi4.o)
                0x0000000008007550                __exidx_end = .
                0x0000000008007550                . = ALIGN (0x4)

.rel.dyn        0x0000000008007550        0x0
 .rel.iplt      0x0000000008007550        0x0 c:/st/stm32cubeide_1.12.1/stm32cubeide/plugins/com.st.stm32cube.ide.mcu.externaltools.gnu-tools-for-stm32.10.3-2021.10.win32_1.0.200.202301161003/tools/bin/../lib/gcc/arm-none-eabi/10.3.1/thumb/v7e-m+fp/hard/crtbegin.o

.preinit_array  0x0000000008007550        0x0
                0x0000000008007550                . = ALIGN (0x4)
                0x0000000008007550                PROVIDE (__preinit_array_start = .)
 *(.preinit_array*)
                0x0000000008007550                PROVIDE (__preinit_array_end = .)
                0x0000000008007550                . = ALIGN (0x4)

.init_array     0x0000000008007550        0x4
                0x0000000008007550                . = ALIGN (0x4)
                0x0000000008007550                PROVIDE (__init_array_start = .)
 *(SORT_BY_NAME(.init_array.*))
 *(.init_array*)
 .init_array    0x0000000008007550        0x4 c:/st/stm32cubeide_1.12.1/stm32cubeide/plugins/com.st.stm32cube.ide.mcu.externaltools.gnu-tools-for-stm32.10.3-2021.10.win32_1.0.200.202301161003/tools/bin/../lib/gcc/arm-none-eabi/10.3.1/thumb/v7e-m+fp/hard/crtbegin.o
                0x0000000008007554                PROVIDE (__init_array_end = .)
                0x0000000008007554                . = ALIGN (0x4)

.fini_array     0x0000000008007554        0x4
                0x0000000008007554                . = ALIGN (0x4)
                [!provide]                        PROVIDE (__fini_array_start = .)
 *(SORT_BY_NAME(.fini_array.*))
 *(.fini_array*)
 .fini_array    0x0000000008007554        0x4 c:/st/stm32cubeide_1.12.1/stm32cubeide/plugins/com.st.stm32cube.ide.mcu.externaltools.gnu-tools-for-stm32.10.3-2021.10.win32_1.0.200.202301161003/tools/bin/../lib/gcc/arm-none-eabi/10.3.1/thumb/v7e-m+fp/hard/crtbegin.o
                [!provide]                        PROVIDE (__fini_array_end = .)
                0x0000000008007558                . = ALIGN (0x4)
                0x0000000008007558                _sidata = LOADADDR (.data)

.data           0x0000000020000000       0x88 load address 0x0000000008007558
                0x0000000020000000                . = ALIGN (0x4)
                0x0000000020000000                _sdata = .
 *(.data)
 *(.data*)
 .data.classifier_fixed
                0x0000000020000000        0xc ./Core/Src/main.o
                0x0000000020000000                classifier_fixed
 .data.last_optical_curtain
                0x000000002000000c        0x4 ./Core/Src/main.o
                0x000000002000000c                last_optical_curtain
 .data.str_n_r_size
                0x0000000020000010        0x4 ./Core/Src/main.o
                0x0000000020000010                str_n_r_size
 .data.SystemCoreClock
                0x0000000020000014        0x4 ./Core/Src/system_stm32f7xx.o
                0x0000000020000014                SystemCoreClock
 .data.uwTickFreq
                0x0000000020000018        0x1 ./Drivers/STM32F7xx_HAL_Driver/stm32f7xx_hal.o
                0x0000000020000018                uwTickFreq
 *fill*         0x0000000020000019        0x3 
 .data.uwTickPrio
                0x000000002000001c        0x4 ./Drivers/STM32F7xx_HAL_Driver/stm32f7xx_hal.o
                0x000000002000001c                uwTickPrio
 .data.uxCriticalNesting
                0x0000000020000020        0x4 ./Middlewares/FreeRTOS/port.o
 .data._impure_ptr
                0x0000000020000024        0x4 c:/st/stm32cubeide_1.12.1/stm32cubeide/plugins/com.st.stm32cube.ide.mcu.externaltools.gnu-tools-for-stm32.10.3-2021.10.win32_1.0.200.202301161003/tools/bin/../lib/gcc/arm-none-eabi/10.3.1/../../../../arm-none-eabi/lib/thumb/v7e-m+fp/hard\libc_nano.a(lib_a-impure.o)
                0x0000000020000024                _impure_ptr
 .data.impure_data
                0x0000000020000028       0x60 c:/st/stm32cubeide_1.12.1/stm32cubeide/plugins/com.st.stm32cube.ide.mcu.externaltools.gnu-tools-for-stm32.10.3-2021.10.win32_1.0.200.202301161003/tools/bin/../lib/gcc/arm-none-eabi/10.3.1/../../../../arm-none-eabi/lib/thumb/v7e-m+fp/hard\libc_nano.a(lib_a-impure.o)
 *(.RamFunc)
 *(.RamFunc*)
                0x0000000020000088                . = ALIGN (0x4)
                0x0000000020000088                _edata = .

.igot.plt       0x0000000020000088        0x0 load address 0x00000000080075e0
 .igot.plt      0x0000000020000088        0x0 c:/st/stm32cubeide_1.12.1/stm32cubeide/plugins/com.st.stm32cube.ide.mcu.externaltools.gnu-tools-for-stm32.10.3-2021.10.win32_1.0.200.202301161003/tools/bin/../lib/gcc/arm-none-eabi/10.3.1/thumb/v7e-m+fp/hard/crtbegin.o

.RxDecripSection
                0x0000000020000088       0xa0 load address 0x00000000080075e0
 .RxDecripSection
                0x0000000020000088       0xa0 ./Core/Src/main.o
                0x0000000020000088                DMARxDscrTab

.TxDecripSection
                0x0000000020000128       0xa0 load address 0x0000000008007680
 .TxDecripSection
                0x0000000020000128       0xa0 ./Core/Src/main.o
                0x0000000020000128                DMATxDscrTab
                0x00000000200001c8                . = ALIGN (0x4)

.bss            0x00000000200001c8     0x52d0 load address 0x0000000008007720
                0x00000000200001c8                _sbss = .
                0x00000000200001c8                __bss_start__ = _sbss
 *(.bss)
 .bss           0x00000000200001c8       0x1c c:/st/stm32cubeide_1.12.1/stm32cubeide/plugins/com.st.stm32cube.ide.mcu.externaltools.gnu-tools-for-stm32.10.3-2021.10.win32_1.0.200.202301161003/tools/bin/../lib/gcc/arm-none-eabi/10.3.1/thumb/v7e-m+fp/hard/crtbegin.o
 *(.bss*)
 .bss.CommandHandlerHandle
                0x00000000200001e4        0x4 ./Core/Src/main.o
                0x00000000200001e4                CommandHandlerHandle
 .bss.DISCARD_queueHandle
                0x00000000200001e8        0x4 ./Core/Src/main.o
                0x00000000200001e8                DISCARD_queueHandle
 .bss.FGS_queueHandle
                0x00000000200001ec        0x4 ./Core/Src/main.o
                0x00000000200001ec                FGS_queueHandle
 .bss.KEYENCE_queueHandle
                0x00000000200001f0        0x4 ./Core/Src/main.o
                0x00000000200001f0                KEYENCE_queueHandle
 .bss.MACAddr.0
                0x00000000200001f4        0x6 ./Core/Src/main.o
 *fill*         0x00000000200001fa        0x2 
 .bss.RPI_queueHandle
                0x00000000200001fc        0x4 ./Core/Src/main.o
                0x00000000200001fc                RPI_queueHandle
 .bss.TxConfig  0x0000000020000200       0x38 ./Core/Src/main.o
                0x0000000020000200                TxConfig
 .bss.classifierQueueHandle
                0x0000000020000238        0x4 ./Core/Src/main.o
                0x0000000020000238                classifierQueueHandle
 .bss.cnt_rx    0x000000002000023c        0x1 ./Core/Src/main.o
                0x000000002000023c                cnt_rx
 *fill*         0x000000002000023d        0x3 
 .bss.commandsRxQueueHandle
                0x0000000020000240        0x4 ./Core/Src/main.o
                0x0000000020000240                commandsRxQueueHandle
 .bss.heth      0x0000000020000244       0xb0 ./Core/Src/main.o
                0x0000000020000244                heth
 .bss.hpcd_USB_OTG_FS
                0x00000000200002f4      0x508 ./Core/Src/main.o
                0x00000000200002f4                hpcd_USB_OTG_FS
 .bss.huart3    0x00000000200007fc       0x88 ./Core/Src/main.o
                0x00000000200007fc                huart3
 .bss.huart5    0x0000000020000884       0x88 ./Core/Src/main.o
                0x0000000020000884                huart5
 .bss.huart6    0x000000002000090c       0x88 ./Core/Src/main.o
                0x000000002000090c                huart6
 .bss.huart_debug
                0x0000000020000994        0x4 ./Core/Src/main.o
                0x0000000020000994                huart_debug
 .bss.message_debug_queueHandle
                0x0000000020000998        0x4 ./Core/Src/main.o
                0x0000000020000998                message_debug_queueHandle
 .bss.orientationQueueHandle
                0x000000002000099c        0x4 ./Core/Src/main.o
                0x000000002000099c                orientationQueueHandle
 .bss.queueCommandRx
                0x00000000200009a0       0x38 ./Core/Src/main.o
                0x00000000200009a0                queueCommandRx
 .bss.recipe_space_rec
                0x00000000200009d8       0x28 ./Core/Src/main.o
                0x00000000200009d8                recipe_space_rec
 .bss.rxBuffer  0x0000000020000a00        0x1 ./Core/Src/main.o
                0x0000000020000a00                rxBuffer
 *fill*         0x0000000020000a01        0x3 
 .bss.sim_conv_pos
                0x0000000020000a04        0x4 ./Core/Src/main.o
                0x0000000020000a04                sim_conv_pos
 .bss.state_rx  0x0000000020000a08        0x1 ./Core/Src/main.o
                0x0000000020000a08                state_rx
 *fill*         0x0000000020000a09        0x3 
 .bss.t_FGS_wachHandle
                0x0000000020000a0c        0x4 ./Core/Src/main.o
                0x0000000020000a0c                t_FGS_wachHandle
 .bss.t_KEYENCE_watchHandle
                0x0000000020000a10        0x4 ./Core/Src/main.o
                0x0000000020000a10                t_KEYENCE_watchHandle
 .bss.t_RPI_watchHandle
                0x0000000020000a14        0x4 ./Core/Src/main.o
                0x0000000020000a14                t_RPI_watchHandle
 .bss.t_SIM_convHandle
                0x0000000020000a18        0x4 ./Core/Src/main.o
                0x0000000020000a18                t_SIM_convHandle
 .bss.t_debug_mssgsHandle
                0x0000000020000a1c        0x4 ./Core/Src/main.o
                0x0000000020000a1c                t_debug_mssgsHandle
 .bss.t_print_consoleHandle
                0x0000000020000a20        0x4 ./Core/Src/main.o
                0x0000000020000a20                t_print_consoleHandle
 .bss.timer_SIM_convHandle
                0x0000000020000a24        0x4 ./Core/Src/main.o