C:/Users/jvlsq/STM32Cube/Repository/STM32Cube_FW_F7_V1.17.0/Drivers/CMSIS/Include/core_cm7.h:2464:22:SCB_InvalidateDCache_by_Addr	32	static,ignoring_inline_asm
../LWIP/Target/ethernetif.c:157:6:HAL_ETH_RxCpltCallback	16	static
../LWIP/Target/ethernetif.c:166:6:HAL_ETH_TxCpltCallback	16	static
../LWIP/Target/ethernetif.c:175:6:HAL_ETH_ErrorCallback	16	static
../LWIP/Target/ethernetif.c:197:13:low_level_init	176	static
../LWIP/Target/ethernetif.c:363:14:low_level_output	80	static
../LWIP/Target/ethernetif.c:418:22:low_level_input	24	static
../LWIP/Target/ethernetif.c:439:6:ethernetif_input	24	static
../LWIP/Target/ethernetif.c:496:7:ethernetif_init	16	static
../LWIP/Target/ethernetif.c:547:6:pbuf_free_custom	24	static
../LWIP/Target/ethernetif.c:570:7:sys_now	8	static
../LWIP/Target/ethernetif.c:583:6:HAL_ETH_MspInit	64	static
../LWIP/Target/ethernetif.c:646:6:HAL_ETH_MspDeInit	16	static
../LWIP/Target/ethernetif.c:692:9:ETH_PHY_IO_Init	8	static
../LWIP/Target/ethernetif.c:709:9:ETH_PHY_IO_DeInit	4	static
../LWIP/Target/ethernetif.c:721:9:ETH_PHY_IO_ReadReg	24	static
../LWIP/Target/ethernetif.c:738:9:ETH_PHY_IO_WriteReg	24	static
../LWIP/Target/ethernetif.c:752:9:ETH_PHY_IO_GetTick	8	static
../LWIP/Target/ethernetif.c:761:6:ethernet_link_thread	136	static
../LWIP/Target/ethernetif.c:831:6:HAL_ETH_RxAllocateCallback	32	static
../LWIP/Target/ethernetif.c:853:6:HAL_ETH_RxLinkCallback	40	static
../LWIP/Target/ethernetif.c:893:6:HAL_ETH_TxFreeCallback	16	static
